Archive member included to satisfy reference by file (symbol)

c:/st/stm32cubeide_1.2.0/stm32cubeide/plugins/com.st.stm32cube.ide.mcu.externaltools.gnu-tools-for-stm32.7-2018-q2-update.win32_1.0.0.201904181610/tools/bin/../lib/gcc/arm-none-eabi/7.3.1/../../../../arm-none-eabi/lib/thumb/v7e-m/fpv4-sp/hard\libc_nano.a(lib_a-errno.o)
                              Core/Src/syscalls.o (__errno)
c:/st/stm32cubeide_1.2.0/stm32cubeide/plugins/com.st.stm32cube.ide.mcu.externaltools.gnu-tools-for-stm32.7-2018-q2-update.win32_1.0.0.201904181610/tools/bin/../lib/gcc/arm-none-eabi/7.3.1/../../../../arm-none-eabi/lib/thumb/v7e-m/fpv4-sp/hard\libc_nano.a(lib_a-exit.o)
                              c:/st/stm32cubeide_1.2.0/stm32cubeide/plugins/com.st.stm32cube.ide.mcu.externaltools.gnu-tools-for-stm32.7-2018-q2-update.win32_1.0.0.201904181610/tools/bin/../lib/gcc/arm-none-eabi/7.3.1/../../../../arm-none-eabi/lib/thumb/v7e-m/fpv4-sp/hard/crt0.o (exit)
c:/st/stm32cubeide_1.2.0/stm32cubeide/plugins/com.st.stm32cube.ide.mcu.externaltools.gnu-tools-for-stm32.7-2018-q2-update.win32_1.0.0.201904181610/tools/bin/../lib/gcc/arm-none-eabi/7.3.1/../../../../arm-none-eabi/lib/thumb/v7e-m/fpv4-sp/hard\libc_nano.a(lib_a-impure.o)
                              c:/st/stm32cubeide_1.2.0/stm32cubeide/plugins/com.st.stm32cube.ide.mcu.externaltools.gnu-tools-for-stm32.7-2018-q2-update.win32_1.0.0.201904181610/tools/bin/../lib/gcc/arm-none-eabi/7.3.1/../../../../arm-none-eabi/lib/thumb/v7e-m/fpv4-sp/hard\libc_nano.a(lib_a-exit.o) (_global_impure_ptr)
c:/st/stm32cubeide_1.2.0/stm32cubeide/plugins/com.st.stm32cube.ide.mcu.externaltools.gnu-tools-for-stm32.7-2018-q2-update.win32_1.0.0.201904181610/tools/bin/../lib/gcc/arm-none-eabi/7.3.1/../../../../arm-none-eabi/lib/thumb/v7e-m/fpv4-sp/hard\libc_nano.a(lib_a-init.o)
                              c:/st/stm32cubeide_1.2.0/stm32cubeide/plugins/com.st.stm32cube.ide.mcu.externaltools.gnu-tools-for-stm32.7-2018-q2-update.win32_1.0.0.201904181610/tools/bin/../lib/gcc/arm-none-eabi/7.3.1/../../../../arm-none-eabi/lib/thumb/v7e-m/fpv4-sp/hard/crt0.o (__libc_init_array)
c:/st/stm32cubeide_1.2.0/stm32cubeide/plugins/com.st.stm32cube.ide.mcu.externaltools.gnu-tools-for-stm32.7-2018-q2-update.win32_1.0.0.201904181610/tools/bin/../lib/gcc/arm-none-eabi/7.3.1/../../../../arm-none-eabi/lib/thumb/v7e-m/fpv4-sp/hard\libc_nano.a(lib_a-memset.o)
                              c:/st/stm32cubeide_1.2.0/stm32cubeide/plugins/com.st.stm32cube.ide.mcu.externaltools.gnu-tools-for-stm32.7-2018-q2-update.win32_1.0.0.201904181610/tools/bin/../lib/gcc/arm-none-eabi/7.3.1/../../../../arm-none-eabi/lib/thumb/v7e-m/fpv4-sp/hard/crt0.o (memset)
c:/st/stm32cubeide_1.2.0/stm32cubeide/plugins/com.st.stm32cube.ide.mcu.externaltools.gnu-tools-for-stm32.7-2018-q2-update.win32_1.0.0.201904181610/tools/bin/../lib/gcc/arm-none-eabi/7.3.1/../../../../arm-none-eabi/lib/thumb/v7e-m/fpv4-sp/hard\libc_nano.a(lib_a-snprintf.o)
                              Core/Display/Src/homescreen.o (snprintf)
c:/st/stm32cubeide_1.2.0/stm32cubeide/plugins/com.st.stm32cube.ide.mcu.externaltools.gnu-tools-for-stm32.7-2018-q2-update.win32_1.0.0.201904181610/tools/bin/../lib/gcc/arm-none-eabi/7.3.1/../../../../arm-none-eabi/lib/thumb/v7e-m/fpv4-sp/hard\libc_nano.a(lib_a-sprintf.o)
                              Core/Display/Src/display.o (sprintf)
c:/st/stm32cubeide_1.2.0/stm32cubeide/plugins/com.st.stm32cube.ide.mcu.externaltools.gnu-tools-for-stm32.7-2018-q2-update.win32_1.0.0.201904181610/tools/bin/../lib/gcc/arm-none-eabi/7.3.1/../../../../arm-none-eabi/lib/thumb/v7e-m/fpv4-sp/hard\libc_nano.a(lib_a-nano-svfprintf.o)
                              c:/st/stm32cubeide_1.2.0/stm32cubeide/plugins/com.st.stm32cube.ide.mcu.externaltools.gnu-tools-for-stm32.7-2018-q2-update.win32_1.0.0.201904181610/tools/bin/../lib/gcc/arm-none-eabi/7.3.1/../../../../arm-none-eabi/lib/thumb/v7e-m/fpv4-sp/hard\libc_nano.a(lib_a-snprintf.o) (_svfprintf_r)
c:/st/stm32cubeide_1.2.0/stm32cubeide/plugins/com.st.stm32cube.ide.mcu.externaltools.gnu-tools-for-stm32.7-2018-q2-update.win32_1.0.0.201904181610/tools/bin/../lib/gcc/arm-none-eabi/7.3.1/../../../../arm-none-eabi/lib/thumb/v7e-m/fpv4-sp/hard\libc_nano.a(lib_a-nano-vfprintf_i.o)
                              c:/st/stm32cubeide_1.2.0/stm32cubeide/plugins/com.st.stm32cube.ide.mcu.externaltools.gnu-tools-for-stm32.7-2018-q2-update.win32_1.0.0.201904181610/tools/bin/../lib/gcc/arm-none-eabi/7.3.1/../../../../arm-none-eabi/lib/thumb/v7e-m/fpv4-sp/hard\libc_nano.a(lib_a-nano-svfprintf.o) (_printf_i)
c:/st/stm32cubeide_1.2.0/stm32cubeide/plugins/com.st.stm32cube.ide.mcu.externaltools.gnu-tools-for-stm32.7-2018-q2-update.win32_1.0.0.201904181610/tools/bin/../lib/gcc/arm-none-eabi/7.3.1/../../../../arm-none-eabi/lib/thumb/v7e-m/fpv4-sp/hard\libc_nano.a(lib_a-memchr.o)
[...]
Memory Configuration

Name             Origin             Length             Attributes
CCMRAM           0x0000000010000000 0x0000000000010000 xrw
RAM              0x0000000020000000 0x0000000000030000 xrw
FLASH            0x0000000008000000 0x0000000000100000 xr
*default*        0x0000000000000000 0xffffffffffffffff

Linker script and memory map

LOAD c:/st/stm32cubeide_1.2.0/stm32cubeide/plugins/com.st.stm32cube.ide.mcu.externaltools.gnu-tools-for-stm32.7-2018-q2-update.win32_1.0.0.201904181610/tools/bin/../lib/gcc/arm-none-eabi/7.3.1/thumb/v7e-m/fpv4-sp/hard/crti.o
LOAD c:/st/stm32cubeide_1.2.0/stm32cubeide/plugins/com.st.stm32cube.ide.mcu.externaltools.gnu-tools-for-stm32.7-2018-q2-update.win32_1.0.0.201904181610/tools/bin/../lib/gcc/arm-none-eabi/7.3.1/thumb/v7e-m/fpv4-sp/hard/crtbegin.o
LOAD c:/st/stm32cubeide_1.2.0/stm32cubeide/plugins/com.st.stm32cube.ide.mcu.externaltools.gnu-tools-for-stm32.7-2018-q2-update.win32_1.0.0.201904181610/tools/bin/../lib/gcc/arm-none-eabi/7.3.1/../../../../arm-none-eabi/lib/thumb/v7e-m/fpv4-sp/hard/crt0.o
LOAD Core/Display/Src/display.o
LOAD Core/Display/Src/homescreen.o
LOAD Core/Display/Src/keys.o
LOAD Core/Display/Src/settings_screen.o
LOAD Core/Platform/Src/platform.o
LOAD Core/Platform/Src/platform_adc.o
LOAD Core/Platform/Src/platform_display.o
LOAD Core/Platform/Src/platform_flashstorage.o
LOAD Core/Platform/Src/platform_gpio.o
LOAD Core/Platform/Src/platform_rcc.o
LOAD Core/Platform/Src/platform_rtc.o
LOAD Core/Platform/Src/platform_timer.o
LOAD Core/Platform/Src/platform_uart.o
LOAD Core/Src/main.o
LOAD Core/Src/stm32f4xx_hal_msp.o
LOAD Core/Src/stm32f4xx_it.o
LOAD Core/Src/syscalls.o
LOAD Core/Src/sysmem.o
LOAD Core/Src/system_stm32f4xx.o
LOAD Core/Startup/startup_stm32f429vgtx.o
LOAD Drivers/STM32F4xx_HAL_Driver/Src/stm32f4xx_hal.o
LOAD Drivers/STM32F4xx_HAL_Driver/Src/stm32f4xx_hal_adc.o
LOAD Drivers/STM32F4xx_HAL_Driver/Src/stm32f4xx_hal_adc_ex.o
LOAD Drivers/STM32F4xx_HAL_Driver/Src/stm32f4xx_hal_cortex.o
LOAD Drivers/STM32F4xx_HAL_Driver/Src/stm32f4xx_hal_dma.o
LOAD Drivers/STM32F4xx_HAL_Driver/Src/stm32f4xx_hal_dma_ex.o
LOAD Drivers/STM32F4xx_HAL_Driver/Src/stm32f4xx_hal_exti.o
LOAD Drivers/STM32F4xx_HAL_Driver/Src/stm32f4xx_hal_flash.o
LOAD Drivers/STM32F4xx_HAL_Driver/Src/stm32f4xx_hal_flash_ex.o
LOAD Drivers/STM32F4xx_HAL_Driver/Src/stm32f4xx_hal_flash_ramfunc.o
LOAD Drivers/STM32F4xx_HAL_Driver/Src/stm32f4xx_hal_gpio.o
LOAD Drivers/STM32F4xx_HAL_Driver/Src/stm32f4xx_hal_pwr.o
LOAD Drivers/STM32F4xx_HAL_Driver/Src/stm32f4xx_hal_pwr_ex.o
LOAD Drivers/STM32F4xx_HAL_Driver/Src/stm32f4xx_hal_rcc.o
LOAD Drivers/STM32F4xx_HAL_Driver/Src/stm32f4xx_hal_rcc_ex.o
LOAD Drivers/STM32F4xx_HAL_Driver/Src/stm32f4xx_hal_rtc.o
LOAD Drivers/STM32F4xx_HAL_Driver/Src/stm32f4xx_hal_rtc_ex.o
LOAD Drivers/STM32F4xx_HAL_Driver/Src/stm32f4xx_hal_tim.o
LOAD Drivers/STM32F4xx_HAL_Driver/Src/stm32f4xx_hal_tim_ex.o
LOAD Drivers/STM32F4xx_HAL_Driver/Src/stm32f4xx_hal_uart.o
START GROUP
LOAD c:/st/stm32cubeide_1.2.0/stm32cubeide/plugins/com.st.stm32cube.ide.mcu.externaltools.gnu-tools-for-stm32.7-2018-q2-update.win32_1.0.0.201904181610/tools/bin/../lib/gcc/arm-none-eabi/7.3.1/../../../../arm-none-eabi/lib/thumb/v7e-m/fpv4-sp/hard\libc_nano.a
LOAD c:/st/stm32cubeide_1.2.0/stm32cubeide/plugins/com.st.stm32cube.ide.mcu.externaltools.gnu-tools-for-stm32.7-2018-q2-update.win32_1.0.0.201904181610/tools/bin/../lib/gcc/arm-none-eabi/7.3.1/../../../../arm-none-eabi/lib/thumb/v7e-m/fpv4-sp/hard\libm.a
END GROUP
START GROUP
LOAD c:/st/stm32cubeide_1.2.0/stm32cubeide/plugins/com.st.stm32cube.ide.mcu.externaltools.gnu-tools-for-stm32.7-2018-q2-update.win32_1.0.0.201904181610/tools/bin/../lib/gcc/arm-none-eabi/7.3.1/thumb/v7e-m/fpv4-sp/hard\libgcc.a
LOAD c:/st/stm32cubeide_1.2.0/stm32cubeide/plugins/com.st.stm32cube.ide.mcu.externaltools.gnu-tools-for-stm32.7-2018-q2-update.win32_1.0.0.201904181610/tools/bin/../lib/gcc/arm-none-eabi/7.3.1/../../../../arm-none-eabi/lib/thumb/v7e-m/fpv4-sp/hard\libc_nano.a
END GROUP
START GROUP
LOAD c:/st/stm32cubeide_1.2.0/stm32cubeide/plugins/com.st.stm32cube.ide.mcu.externaltools.gnu-tools-for-stm32.7-2018-q2-update.win32_1.0.0.201904181610/tools/bin/../lib/gcc/arm-none-eabi/7.3.1/thumb/v7e-m/fpv4-sp/hard\libgcc.a
LOAD c:/st/stm32cubeide_1.2.0/stm32cubeide/plugins/com.st.stm32cube.ide.mcu.externaltools.gnu-tools-for-stm32.7-2018-q2-update.win32_1.0.0.201904181610/tools/bin/../lib/gcc/arm-none-eabi/7.3.1/../../../../arm-none-eabi/lib/thumb/v7e-m/fpv4-sp/hard\libc_nano.a
LOAD c:/st/stm32cubeide_1.2.0/stm32cubeide/plugins/com.st.stm32cube.ide.mcu.externaltools.gnu-tools-for-stm32.7-2018-q2-update.win32_1.0.0.201904181610/tools/bin/../lib/gcc/arm-none-eabi/7.3.1/../../../../arm-none-eabi/lib/thumb/v7e-m/fpv4-sp/hard\libnosys.a
END GROUP
START GROUP
LOAD c:/st/stm32cubeide_1.2.0/stm32cubeide/plugins/com.st.stm32cube.ide.mcu.externaltools.gnu-tools-for-stm32.7-2018-q2-update.win32_1.0.0.201904181610/tools/bin/../lib/gcc/arm-none-eabi/7.3.1/thumb/v7e-m/fpv4-sp/hard\libgcc.a
LOAD c:/st/stm32cubeide_1.2.0/stm32cubeide/plugins/com.st.stm32cube.ide.mcu.externaltools.gnu-tools-for-stm32.7-2018-q2-update.win32_1.0.0.201904181610/tools/bin/../lib/gcc/arm-none-eabi/7.3.1/../../../../arm-none-eabi/lib/thumb/v7e-m/fpv4-sp/hard\libc_nano.a
LOAD c:/st/stm32cubeide_1.2.0/stm32cubeide/plugins/com.st.stm32cube.ide.mcu.externaltools.gnu-tools-for-stm32.7-2018-q2-update.win32_1.0.0.201904181610/tools/bin/../lib/gcc/arm-none-eabi/7.3.1/../../../../arm-none-eabi/lib/thumb/v7e-m/fpv4-sp/hard\libnosys.a
END GROUP
LOAD c:/st/stm32cubeide_1.2.0/stm32cubeide/plugins/com.st.stm32cube.ide.mcu.externaltools.gnu-tools-for-stm32.7-2018-q2-update.win32_1.0.0.201904181610/tools/bin/../lib/gcc/arm-none-eabi/7.3.1/thumb/v7e-m/fpv4-sp/hard/crtend.o
LOAD c:/st/stm32cubeide_1.2.0/stm32cubeide/plugins/com.st.stm32cube.ide.mcu.externaltools.gnu-tools-for-stm32.7-2018-q2-update.win32_1.0.0.201904181610/tools/bin/../lib/gcc/arm-none-eabi/7.3.1/thumb/v7e-m/fpv4-sp/hard/crtn.o
                0x0000000020030000                _estack = (ORIGIN (RAM) + LENGTH (RAM))
                0x0000000000000200                _Min_Heap_Size = 0x200
                0x0000000000000400                _Min_Stack_Size = 0x400

.isr_vector     0x0000000008000000      0x1ac
                0x0000000008000000                . = ALIGN (0x4)
 *(.isr_vector)
 .isr_vector    0x0000000008000000      0x1ac Core/Startup/startup_stm32f429vgtx.o
                0x0000000008000000                g_pfnVectors
                0x00000000080001ac                . = ALIGN (0x4)

.text           0x00000000080001b0     0x7568
                0x00000000080001b0                . = ALIGN (0x4)
 *(.text)
 .text          0x00000000080001b0       0x40 c:/st/stm32cubeide_1.2.0/stm32cubeide/plugins/com.st.stm32cube.ide.mcu.externaltools.gnu-tools-for-stm32.7-2018-q2-update.win32_1.0.0.201904181610/tools/bin/../lib/gcc/arm-none-eabi/7.3.1/thumb/v7e-m/fpv4-sp/hard/crtbegin.o
 .text          0x00000000080001f0       0xa0 c:/st/stm32cubeide_1.2.0/stm32cubeide/plugins/com.st.stm32cube.ide.mcu.externaltools.gnu-tools-for-stm32.7-2018-q2-update.win32_1.0.0.201904181610/tools/bin/../lib/gcc/arm-none-eabi/7.3.1/../../../../arm-none-eabi/lib/thumb/v7e-m/fpv4-sp/hard\libc_nano.a(lib_a-memchr.o)
                0x00000000080001f0                memchr
 .text          0x0000000008000290       0x30 c:/st/stm32cubeide_1.2.0/stm32cubeide/plugins/com.st.stm32cube.ide.mcu.externaltools.gnu-tools-for-stm32.7-2018-q2-update.win32_1.0.0.201904181610/tools/bin/../lib/gcc/arm-none-eabi/7.3.1/thumb/v7e-m/fpv4-sp/hard\libgcc.a(_aeabi_uldivmod.o)
                0x0000000008000290                __aeabi_uldivmod
 .text          0x00000000080002c0      0x2cc c:/st/stm32cubeide_1.2.0/stm32cubeide/plugins/com.st.stm32cube.ide.mcu.externaltools.gnu-tools-for-stm32.7-2018-q2-update.win32_1.0.0.201904181610/tools/bin/../lib/gcc/arm-none-eabi/7.3.1/thumb/v7e-m/fpv4-sp/hard\libgcc.a(_udivmoddi4.o)
                0x00000000080002c0                __udivmoddi4
 .text          0x000000000800058c        0x4 c:/st/stm32cubeide_1.2.0/stm32cubeide/plugins/com.st.stm32cube.ide.mcu.externaltools.gnu-tools-for-stm32.7-2018-q2-update.win32_1.0.0.201904181610/tools/bin/../lib/gcc/arm-none-eabi/7.3.1/thumb/v7e-m/fpv4-sp/hard\libgcc.a(_dvmd_tls.o)
                0x000000000800058c                __aeabi_idiv0
                0x000000000800058c                __aeabi_ldiv0
 *(.text*)
 .text.display_screens
                0x0000000008000590      0x1c0 Core/Display/Src/display.o
                0x0000000008000590                display_screens
 .text.__update_makeup_water_added
                0x0000000008000750       0xac Core/Display/Src/homescreen.o
                0x0000000008000750                __update_makeup_water_added
 .text.__update_blowdown_water
                0x00000000080007fc       0xb0 Core/Display/Src/homescreen.o
                0x00000000080007fc                __update_blowdown_water
 .text.__update_chemical1
                0x00000000080008ac       0x50 Core/Display/Src/homescreen.o
                0x00000000080008ac                __update_chemical1
 .text.__update_chemical2
                0x00000000080008fc       0x50 Core/Display/Src/homescreen.o
                0x00000000080008fc                __update_chemical2
 .text.__update_ph_inlet_water
                0x000000000800094c       0x50 Core/Display/Src/homescreen.o
                0x000000000800094c                __update_ph_inlet_water
 .text.__update_ph_plant_water
                0x000000000800099c       0x50 Core/Display/Src/homescreen.o
                0x000000000800099c                __update_ph_plant_water
 .text.__update_tds_inlet_water
                0x00000000080009ec       0x50 Core/Display/Src/homescreen.o
                0x00000000080009ec                __update_tds_inlet_water
 .text.__update_tds_plant_water
                0x0000000008000a3c       0x50 Core/Display/Src/homescreen.o
                0x0000000008000a3c                __update_tds_plant_water
 .text.__update_pump1_status
                0x0000000008000a8c       0x7c Core/Display/Src/homescreen.o
                0x0000000008000a8c                __update_pump1_status
 .text.__update_pump2_status
                0x0000000008000b08       0x7c Core/Display/Src/homescreen.o
                0x0000000008000b08                __update_pump2_status
 .text.homescreen_update
                0x0000000008000b84       0xc6 Core/Display/Src/homescreen.o
                0x0000000008000b84                homescreen_update
 *fill*         0x0000000008000c4a        0x2 
 .text.keys_action
                0x0000000008000c4c      0x130 Core/Display/Src/keys.o
                0x0000000008000c4c                keys_action
 .text.__settings_selection
                0x0000000008000d7c       0x5c Core/Display/Src/settings_screen.o
                0x0000000008000d7c                __settings_selection
 .text.__esc_settings_selection
                0x0000000008000dd8       0x74 Core/Display/Src/settings_screen.o
                0x0000000008000dd8                __esc_settings_selection
 .text.__select_six_digits
                0x0000000008000e4c       0xa4 Core/Display/Src/settings_screen.o
                0x0000000008000e4c                __select_six_digits
 .text.__select_four_digits
                0x0000000008000ef0       0x58 Core/Display/Src/settings_screen.o
                0x0000000008000ef0                __select_four_digits
 .text.__select_time
                0x0000000008000f48       0x58 Core/Display/Src/settings_screen.o
                0x0000000008000f48                __select_time
 .text.__select_button
                0x0000000008000fa0       0x64 Core/Display/Src/settings_screen.o
                0x0000000008000fa0                __select_button
 .text.__store_six_digits
                0x0000000008001004      0x2c8 Core/Display/Src/settings_screen.o
                0x0000000008001004                __store_six_digits
 .text.__check_and_print_four_digits_limit
                0x00000000080012cc       0x88 Core/Display/Src/settings_screen.o
                0x00000000080012cc                __check_and_print_four_digits_limit
 .text.__check_and_print_time_limit
                0x0000000008001354       0x84 Core/Display/Src/settings_screen.o
                0x0000000008001354                __check_and_print_time_limit
 .text.__edit_six_digits
                0x00000000080013d8      0x160 Core/Display/Src/settings_screen.o
                0x00000000080013d8                __edit_six_digits
 .text.__edit_four_digits
                0x0000000008001538      0x228 Core/Display/Src/settings_screen.o
                0x0000000008001538                __edit_four_digits
 .text.__edit_button_selection
                0x0000000008001760      0x17c Core/Display/Src/settings_screen.o
                0x0000000008001760                __edit_button_selection
 .text.__edit_cool_down_time
                0x00000000080018dc      0x17c Core/Display/Src/settings_screen.o
                0x00000000080018dc                __edit_cool_down_time
 .text.__update_offset_makeup_water_added
                0x0000000008001a58       0xac Core/Display/Src/settings_screen.o
                0x0000000008001a58                __update_offset_makeup_water_added
 .text.__update_offset_blowdown_water
                0x0000000008001b04       0xb0 Core/Display/Src/settings_screen.o
                0x0000000008001b04                __update_offset_blowdown_water
 .text.__update_pump1_lts_per_pulse
                0x0000000008001bb4       0xb4 Core/Display/Src/settings_screen.o
                0x0000000008001bb4                __update_pump1_lts_per_pulse
 .text.__update_pump2_lts_per_pulse
                0x0000000008001c68       0xb4 Core/Display/Src/settings_screen.o
                0x0000000008001c68                __update_pump2_lts_per_pulse
 .text.__update_ratio_1
                0x0000000008001d1c       0x50 Core/Display/Src/settings_screen.o
                0x0000000008001d1c                __update_ratio_1
 .text.__update_ratio_2
                0x0000000008001d6c       0x50 Core/Display/Src/settings_screen.o
                0x0000000008001d6c                __update_ratio_2
 .text.__update_auto_blowdown
                0x0000000008001dbc       0xac Core/Display/Src/settings_screen.o
                0x0000000008001dbc                __update_auto_blowdown
 .text.__update_set_blowdown_tds
                0x0000000008001e68       0x50 Core/Display/Src/settings_screen.o
                0x0000000008001e68                __update_set_blowdown_tds
 .text.__update_set_cool_off_time
                0x0000000008001eb8       0x50 Core/Display/Src/settings_screen.o
                0x0000000008001eb8                __update_set_cool_off_time
 .text.__update_set_blowdown_in_m3
                0x0000000008001f08       0xb4 Core/Display/Src/settings_screen.o
                0x0000000008001f08                __update_set_blowdown_in_m3
 .text.display_edit_settings
                0x0000000008001fbc      0x3e0 Core/Display/Src/settings_screen.o
                0x0000000008001fbc                display_edit_settings
 .text.display_edit_digits
                0x000000000800239c       0xd0 Core/Display/Src/settings_screen.o
                0x000000000800239c                display_edit_digits
 .text.settings_update
                0x000000000800246c       0xe4 Core/Display/Src/settings_screen.o
                0x000000000800246c                settings_update
 .text.platform_start_yorker
                0x0000000008002550      0x150 Core/Platform/Src/platform.o
                0x0000000008002550                platform_start_yorker
 .text.Error_Handler
                0x00000000080026a0        0xe Core/Platform/Src/platform.o
                0x00000000080026a0                Error_Handler
 *fill*         0x00000000080026ae        0x2 
 .text.__MX_ADC1_Init
                0x00000000080026b0       0xa4 Core/Platform/Src/platform_adc.o
                0x00000000080026b0                __MX_ADC1_Init
 .text.__MX_ADC2_Init
                0x0000000008002754       0xa4 Core/Platform/Src/platform_adc.o
                0x0000000008002754                __MX_ADC2_Init
 .text.__MX_ADC3_Init
                0x00000000080027f8       0xa4 Core/Platform/Src/platform_adc.o
                0x00000000080027f8                __MX_ADC3_Init
 .text.platform_adc_init
                0x000000000800289c       0x14 Core/Platform/Src/platform_adc.o
                0x000000000800289c                platform_adc_init
 .text.platform_display_init
                0x00000000080028b0       0x1c Core/Platform/Src/platform_display.o
                0x00000000080028b0                platform_display_init
 .text.__FLASH_Program_Word
                0x00000000080028cc       0x24 Core/Platform/Src/platform_flashstorage.o
                0x00000000080028cc                __FLASH_Program_Word
 .text.__FLASH_READ
                0x00000000080028f0       0x1c Core/Platform/Src/platform_flashstorage.o
                0x00000000080028f0                __FLASH_READ
 .text.platform_flashcfg_init
                0x000000000800290c       0x36 Core/Platform/Src/platform_flashstorage.o
                0x000000000800290c                platform_flashcfg_init
 *fill*         0x0000000008002942        0x2 
 .text.platform_flashcfg_get_homescreen_settings
                0x0000000008002944       0x50 Core/Platform/Src/platform_flashstorage.o
                0x0000000008002944                platform_flashcfg_get_homescreen_settings
 .text.platform_flashcfg_set_yorker_settings
                0x0000000008002994       0xc8 Core/Platform/Src/platform_flashstorage.o
                0x0000000008002994                platform_flashcfg_set_yorker_settings
 .text.platform_flashcfg_get_yorker_settings
                0x0000000008002a5c       0xc4 Core/Platform/Src/platform_flashstorage.o
                0x0000000008002a5c                platform_flashcfg_get_yorker_settings
 .text.__MX_GPIO_Init
                0x0000000008002b20      0x1fc Core/Platform/Src/platform_gpio.o
                0x0000000008002b20                __MX_GPIO_Init
 .text.platform_gpio_init
                0x0000000008002d1c        0xc Core/Platform/Src/platform_gpio.o
                0x0000000008002d1c                platform_gpio_init
 .text.__SystemClock_Config
                0x0000000008002d28       0xf0 Core/Platform/Src/platform_rcc.o
                0x0000000008002d28                __SystemClock_Config
 .text.platform_sysclk_cfg
                0x0000000008002e18        0xc Core/Platform/Src/platform_rcc.o
                0x0000000008002e18                platform_sysclk_cfg
 .text.__MX_RTC_Init
                0x0000000008002e24       0x88 Core/Platform/Src/platform_rtc.o
                0x0000000008002e24                __MX_RTC_Init
 .text.platform_rtc_init
                0x0000000008002eac        0xc Core/Platform/Src/platform_rtc.o
                0x0000000008002eac                platform_rtc_init
 .text.platform_get_date_and_time
                0x0000000008002eb8       0x2c Core/Platform/Src/platform_rtc.o
                0x0000000008002eb8                platform_get_date_and_time
 .text.__MX_TIM2_Init
                0x0000000008002ee4       0x9c Core/Platform/Src/platform_timer.o
                0x0000000008002ee4                __MX_TIM2_Init
 .text.__MX_TIM4_Init
                0x0000000008002f80       0x9c Core/Platform/Src/platform_timer.o
                0x0000000008002f80                __MX_TIM4_Init
 .text.__MX_TIM5_Init
                0x000000000800301c       0x9c Core/Platform/Src/platform_timer.o
                0x000000000800301c                __MX_TIM5_Init
 .text.__pulse_counter_mkup_water
                0x00000000080030b8       0x5c Core/Platform/Src/platform_timer.o
                0x00000000080030b8                __pulse_counter_mkup_water
 .text.__pulse_counter_blowdown_water
                0x0000000008003114       0x5c Core/Platform/Src/platform_timer.o
                0x0000000008003114                __pulse_counter_blowdown_water
 .text.platform_timer_init
                0x0000000008003170       0x14 Core/Platform/Src/platform_timer.o
                0x0000000008003170                platform_timer_init
 .text.platform_timer_start
                0x0000000008003184       0x1c Core/Platform/Src/platform_timer.o
                0x0000000008003184                platform_timer_start
 .text.platform_timer_stop
                0x00000000080031a0       0x1c Core/Platform/Src/platform_timer.o
                0x00000000080031a0                platform_timer_stop
 .text.HAL_TIM_PeriodElapsedCallback
                0x00000000080031bc       0x48 Core/Platform/Src/platform_timer.o
                0x00000000080031bc                HAL_TIM_PeriodElapsedCallback
 .text.__MX_UART5_Init
                0x0000000008003204       0x54 Core/Platform/Src/platform_uart.o
                0x0000000008003204                __MX_UART5_Init
 .text.__MX_UART7_Init
                0x0000000008003258       0x54 Core/Platform/Src/platform_uart.o
                0x0000000008003258                __MX_UART7_Init
 .text.__MX_USART2_UART_Init
                0x00000000080032ac       0x54 Core/Platform/Src/platform_uart.o
                0x00000000080032ac                __MX_USART2_UART_Init
 .text.__wifi_uart_init
                0x0000000008003300        0xc Core/Platform/Src/platform_uart.o
                0x0000000008003300                __wifi_uart_init
 .text.__lcd_uart_init
                0x000000000800330c        0xc Core/Platform/Src/platform_uart.o
                0x000000000800330c                __lcd_uart_init
 .text.__rs485_uart_init
                0x0000000008003318        0xc Core/Platform/Src/platform_uart.o
                0x0000000008003318                __rs485_uart_init
 .text.platform_uart_init
                0x0000000008003324       0x14 Core/Platform/Src/platform_uart.o
                0x0000000008003324                platform_uart_init
 .text.lcd_send_cmd
                0x0000000008003338       0x24 Core/Platform/Src/platform_uart.o
                0x0000000008003338                lcd_send_cmd
 .text.main     0x000000000800335c        0xe Core/Src/main.o
                0x000000000800335c                main
 *fill*         0x000000000800336a        0x2 
 .text.HAL_MspInit
                0x000000000800336c       0x50 Core/Src/stm32f4xx_hal_msp.o
                0x000000000800336c                HAL_MspInit
 .text.HAL_ADC_MspInit
                0x00000000080033bc      0x148 Core/Src/stm32f4xx_hal_msp.o
                0x00000000080033bc                HAL_ADC_MspInit
 .text.HAL_RTC_MspInit
                0x0000000008003504       0x2c Core/Src/stm32f4xx_hal_msp.o
                0x0000000008003504                HAL_RTC_MspInit
 .text.HAL_TIM_Base_MspInit
                0x0000000008003530       0xc4 Core/Src/stm32f4xx_hal_msp.o
                0x0000000008003530                HAL_TIM_Base_MspInit
 .text.HAL_UART_MspInit
                0x00000000080035f4      0x1dc Core/Src/stm32f4xx_hal_msp.o
                0x00000000080035f4                HAL_UART_MspInit
 .text.NMI_Handler
                0x00000000080037d0        0xe Core/Src/stm32f4xx_it.o
                0x00000000080037d0                NMI_Handler
 .text.HardFault_Handler
                0x00000000080037de        0x6 Core/Src/stm32f4xx_it.o
                0x00000000080037de                HardFault_Handler
 .text.MemManage_Handler
                0x00000000080037e4        0x6 Core/Src/stm32f4xx_it.o
                0x00000000080037e4                MemManage_Handler
 .text.BusFault_Handler
                0x00000000080037ea        0x6 Core/Src/stm32f4xx_it.o
                0x00000000080037ea                BusFault_Handler
 .text.UsageFault_Handler
                0x00000000080037f0        0x6 Core/Src/stm32f4xx_it.o
                0x00000000080037f0                UsageFault_Handler
 .text.SVC_Handler
                0x00000000080037f6        0xe Core/Src/stm32f4xx_it.o
                0x00000000080037f6                SVC_Handler
 .text.DebugMon_Handler
                0x0000000008003804        0xe Core/Src/stm32f4xx_it.o
                0x0000000008003804                DebugMon_Handler
 .text.PendSV_Handler
                0x0000000008003812        0xe Core/Src/stm32f4xx_it.o
                0x0000000008003812                PendSV_Handler
 .text.SysTick_Handler
                0x0000000008003820        0xc Core/Src/stm32f4xx_it.o
                0x0000000008003820                SysTick_Handler
 .text.TIM2_IRQHandler
                0x000000000800382c       0x14 Core/Src/stm32f4xx_it.o
                0x000000000800382c                TIM2_IRQHandler
 .text.TIM4_IRQHandler
                0x0000000008003840       0x14 Core/Src/stm32f4xx_it.o
                0x0000000008003840                TIM4_IRQHandler
 .text.USART2_IRQHandler
                0x0000000008003854       0x14 Core/Src/stm32f4xx_it.o
                0x0000000008003854                USART2_IRQHandler
 .text.TIM5_IRQHandler
                0x0000000008003868       0x14 Core/Src/stm32f4xx_it.o
                0x0000000008003868                TIM5_IRQHandler
 .text.UART5_IRQHandler
                0x000000000800387c       0x14 Core/Src/stm32f4xx_it.o
                0x000000000800387c                UART5_IRQHandler
 .text.UART7_IRQHandler
                0x0000000008003890       0x14 Core/Src/stm32f4xx_it.o
                0x0000000008003890                UART7_IRQHandler
 .text._sbrk    0x00000000080038a4       0x6c Core/Src/sysmem.o
                0x00000000080038a4                _sbrk
 .text.SystemInit
                0x0000000008003910       0x2c Core/Src/system_stm32f4xx.o
                0x0000000008003910                SystemInit
 .text.Reset_Handler
                0x000000000800393c       0x50 Core/Startup/startup_stm32f429vgtx.o
                0x000000000800393c                Reset_Handler
 .text.Default_Handler
                0x000000000800398c        0x2 Core/Startup/startup_stm32f429vgtx.o
                0x000000000800398c                RTC_Alarm_IRQHandler
                0x000000000800398c                HASH_RNG_IRQHandler
                0x000000000800398c                EXTI2_IRQHandler
                0x000000000800398c                TIM8_CC_IRQHandler
                0x000000000800398c                UART8_IRQHandler
                0x000000000800398c                SPI4_IRQHandler
                0x000000000800398c                TIM1_CC_IRQHandler
                0x000000000800398c                DMA2_Stream5_IRQHandler
                0x000000000800398c                DMA1_Stream5_IRQHandler
                0x000000000800398c                PVD_IRQHandler
                0x000000000800398c                SDIO_IRQHandler
                0x000000000800398c                TAMP_STAMP_IRQHandler
                0x000000000800398c                CAN2_RX1_IRQHandler
                0x000000000800398c                EXTI3_IRQHandler
                0x000000000800398c                TIM8_TRG_COM_TIM14_IRQHandler
                0x000000000800398c                TIM1_UP_TIM10_IRQHandler
                0x000000000800398c                TIM8_UP_TIM13_IRQHandler
                0x000000000800398c                I2C3_ER_IRQHandler
                0x000000000800398c                EXTI0_IRQHandler
                0x000000000800398c                I2C2_EV_IRQHandler
                0x000000000800398c                DMA1_Stream2_IRQHandler
                0x000000000800398c                CAN1_RX0_IRQHandler
                0x000000000800398c                FPU_IRQHandler
                0x000000000800398c                OTG_HS_WKUP_IRQHandler
                0x000000000800398c                LTDC_ER_IRQHandler
                0x000000000800398c                CAN2_SCE_IRQHandler
                0x000000000800398c                DMA2_Stream2_IRQHandler
                0x000000000800398c                SPI1_IRQHandler
                0x000000000800398c                TIM6_DAC_IRQHandler
                0x000000000800398c                TIM1_BRK_TIM9_IRQHandler
                0x000000000800398c                DCMI_IRQHandler
                0x000000000800398c                CAN2_RX0_IRQHandler
                0x000000000800398c                DMA2_Stream3_IRQHandler
                0x000000000800398c                USART6_IRQHandler
                0x000000000800398c                USART3_IRQHandler
                0x000000000800398c                CAN1_RX1_IRQHandler
                0x000000000800398c                DMA2_Stream0_IRQHandler
                0x000000000800398c                I2C1_EV_IRQHandler
                0x000000000800398c                DMA1_Stream6_IRQHandler
                0x000000000800398c                DMA1_Stream1_IRQHandler
                0x000000000800398c                UART4_IRQHandler
                0x000000000800398c                TIM3_IRQHandler
                0x000000000800398c                RCC_IRQHandler
                0x000000000800398c                TIM8_BRK_TIM12_IRQHandler
                0x000000000800398c                Default_Handler
                0x000000000800398c                EXTI15_10_IRQHandler
                0x000000000800398c                ADC_IRQHandler
                0x000000000800398c                DMA1_Stream7_IRQHandler
                0x000000000800398c                SPI5_IRQHandler
                0x000000000800398c                TIM7_IRQHandler
                0x000000000800398c                CAN2_TX_IRQHandler
                0x000000000800398c                DMA2_Stream7_IRQHandler
                0x000000000800398c                I2C3_EV_IRQHandler
                0x000000000800398c                EXTI9_5_IRQHandler
                0x000000000800398c                RTC_WKUP_IRQHandler
                0x000000000800398c                LTDC_IRQHandler
                0x000000000800398c                ETH_WKUP_IRQHandler
                0x000000000800398c                SPI2_IRQHandler
                0x000000000800398c                OTG_HS_EP1_IN_IRQHandler
                0x000000000800398c                DMA1_Stream0_IRQHandler
                0x000000000800398c                CAN1_TX_IRQHandler
                0x000000000800398c                EXTI4_IRQHandler
                0x000000000800398c                ETH_IRQHandler
                0x000000000800398c                OTG_HS_EP1_OUT_IRQHandler
                0x000000000800398c                WWDG_IRQHandler
                0x000000000800398c                SPI6_IRQHandler
                0x000000000800398c                OTG_FS_WKUP_IRQHandler
                0x000000000800398c                TIM1_TRG_COM_TIM11_IRQHandler
                0x000000000800398c                OTG_HS_IRQHandler
                0x000000000800398c                DMA2D_IRQHandler
                0x000000000800398c                EXTI1_IRQHandler
                0x000000000800398c                I2C2_ER_IRQHandler
                0x000000000800398c                DMA2_Stream1_IRQHandler
                0x000000000800398c                CAN1_SCE_IRQHandler
                0x000000000800398c                FLASH_IRQHandler
                0x000000000800398c                DMA2_Stream4_IRQHandler
                0x000000000800398c                USART1_IRQHandler
                0x000000000800398c                OTG_FS_IRQHandler
                0x000000000800398c                SPI3_IRQHandler
                0x000000000800398c                DMA1_Stream4_IRQHandler
                0x000000000800398c                I2C1_ER_IRQHandler
                0x000000000800398c                FMC_IRQHandler
                0x000000000800398c                DMA2_Stream6_IRQHandler
                0x000000000800398c                SAI1_IRQHandler
                0x000000000800398c                DMA1_Stream3_IRQHandler
 *fill*         0x000000000800398e        0x2 
 .text.HAL_Init
                0x0000000008003990       0x44 Drivers/STM32F4xx_HAL_Driver/Src/stm32f4xx_hal.o
                0x0000000008003990                HAL_Init
 .text.HAL_InitTick
                0x00000000080039d4       0x60 Drivers/STM32F4xx_HAL_Driver/Src/stm32f4xx_hal.o
                0x00000000080039d4                HAL_InitTick
 .text.HAL_IncTick
                0x0000000008003a34       0x28 Drivers/STM32F4xx_HAL_Driver/Src/stm32f4xx_hal.o
                0x0000000008003a34                HAL_IncTick
 .text.HAL_GetTick
                0x0000000008003a5c       0x18 Drivers/STM32F4xx_HAL_Driver/Src/stm32f4xx_hal.o
                0x0000000008003a5c                HAL_GetTick
 .text.HAL_Delay
                0x0000000008003a74       0x44 Drivers/STM32F4xx_HAL_Driver/Src/stm32f4xx_hal.o
                0x0000000008003a74                HAL_Delay
 .text.HAL_ADC_Init
                0x0000000008003ab8       0x86 Drivers/STM32F4xx_HAL_Driver/Src/stm32f4xx_hal_adc.o
                0x0000000008003ab8                HAL_ADC_Init
 *fill*         0x0000000008003b3e        0x2 
 .text.HAL_ADC_ConfigChannel
                0x0000000008003b40      0x264 Drivers/STM32F4xx_HAL_Driver/Src/stm32f4xx_hal_adc.o
                0x0000000008003b40                HAL_ADC_ConfigChannel
 .text.ADC_Init
                0x0000000008003da4      0x1f8 Drivers/STM32F4xx_HAL_Driver/Src/stm32f4xx_hal_adc.o
 .text.__NVIC_SetPriorityGrouping
                0x0000000008003f9c       0x48 Drivers/STM32F4xx_HAL_Driver/Src/stm32f4xx_hal_cortex.o
 .text.__NVIC_GetPriorityGrouping
                0x0000000008003fe4       0x1c Drivers/STM32F4xx_HAL_Driver/Src/stm32f4xx_hal_cortex.o
 .text.__NVIC_EnableIRQ
                0x0000000008004000       0x3c Drivers/STM32F4xx_HAL_Driver/Src/stm32f4xx_hal_cortex.o
 .text.__NVIC_SetPriority
                0x000000000800403c       0x54 Drivers/STM32F4xx_HAL_Driver/Src/stm32f4xx_hal_cortex.o
 .text.NVIC_EncodePriority
                0x0000000008004090       0x66 Drivers/STM32F4xx_HAL_Driver/Src/stm32f4xx_hal_cortex.o
 *fill*         0x00000000080040f6        0x2 
 .text.SysTick_Config
                0x00000000080040f8       0x44 Drivers/STM32F4xx_HAL_Driver/Src/stm32f4xx_hal_cortex.o
 .text.HAL_NVIC_SetPriorityGrouping
                0x000000000800413c       0x16 Drivers/STM32F4xx_HAL_Driver/Src/stm32f4xx_hal_cortex.o
                0x000000000800413c                HAL_NVIC_SetPriorityGrouping
 .text.HAL_NVIC_SetPriority
                0x0000000008004152       0x38 Drivers/STM32F4xx_HAL_Driver/Src/stm32f4xx_hal_cortex.o
                0x0000000008004152                HAL_NVIC_SetPriority
 .text.HAL_NVIC_EnableIRQ
                0x000000000800418a       0x1c Drivers/STM32F4xx_HAL_Driver/Src/stm32f4xx_hal_cortex.o
                0x000000000800418a                HAL_NVIC_EnableIRQ
 .text.HAL_SYSTICK_Config
                0x00000000080041a6       0x18 Drivers/STM32F4xx_HAL_Driver/Src/stm32f4xx_hal_cortex.o
                0x00000000080041a6                HAL_SYSTICK_Config
 .text.HAL_DMA_Abort_IT
                0x00000000080041be       0x44 Drivers/STM32F4xx_HAL_Driver/Src/stm32f4xx_hal_dma.o
                0x00000000080041be                HAL_DMA_Abort_IT
 *fill*         0x0000000008004202        0x2 
 .text.HAL_FLASH_Program
                0x0000000008004204       0xa8 Drivers/STM32F4xx_HAL_Driver/Src/stm32f4xx_hal_flash.o
                0x0000000008004204                HAL_FLASH_Program
 .text.HAL_FLASH_Unlock
                0x00000000080042ac       0x44 Drivers/STM32F4xx_HAL_Driver/Src/stm32f4xx_hal_flash.o
                0x00000000080042ac                HAL_FLASH_Unlock
 .text.HAL_FLASH_Lock
                0x00000000080042f0       0x20 Drivers/STM32F4xx_HAL_Driver/Src/stm32f4xx_hal_flash.o
                0x00000000080042f0                HAL_FLASH_Lock
 .text.FLASH_WaitForLastOperation
                0x0000000008004310       0x80 Drivers/STM32F4xx_HAL_Driver/Src/stm32f4xx_hal_flash.o
                0x0000000008004310                FLASH_WaitForLastOperation
 .text.FLASH_Program_DoubleWord
                0x0000000008004390       0x60 Drivers/STM32F4xx_HAL_Driver/Src/stm32f4xx_hal_flash.o
 .text.FLASH_Program_Word
                0x00000000080043f0       0x44 Drivers/STM32F4xx_HAL_Driver/Src/stm32f4xx_hal_flash.o
 .text.FLASH_Program_HalfWord
                0x0000000008004434       0x48 Drivers/STM32F4xx_HAL_Driver/Src/stm32f4xx_hal_flash.o
 .text.FLASH_Program_Byte
                0x000000000800447c       0x44 Drivers/STM32F4xx_HAL_Driver/Src/stm32f4xx_hal_flash.o
 .text.FLASH_SetErrorCode
                0x00000000080044c0       0xcc Drivers/STM32F4xx_HAL_Driver/Src/stm32f4xx_hal_flash.o
 .text.FLASH_Erase_Sector
                0x000000000800458c       0x9c Drivers/STM32F4xx_HAL_Driver/Src/stm32f4xx_hal_flash_ex.o
                0x000000000800458c                FLASH_Erase_Sector
 .text.HAL_GPIO_Init
                0x0000000008004628      0x354 Drivers/STM32F4xx_HAL_Driver/Src/stm32f4xx_hal_gpio.o
                0x0000000008004628                HAL_GPIO_Init
 .text.HAL_GPIO_ReadPin
                0x000000000800497c       0x30 Drivers/STM32F4xx_HAL_Driver/Src/stm32f4xx_hal_gpio.o
                0x000000000800497c                HAL_GPIO_ReadPin
 .text.HAL_GPIO_WritePin
                0x00000000080049ac       0x32 Drivers/STM32F4xx_HAL_Driver/Src/stm32f4xx_hal_gpio.o
                0x00000000080049ac                HAL_GPIO_WritePin
 *fill*         0x00000000080049de        0x2 
 .text.HAL_RCC_OscConfig
                0x00000000080049e0      0x4e0 Drivers/STM32F4xx_HAL_Driver/Src/stm32f4xx_hal_rcc.o
                0x00000000080049e0                HAL_RCC_OscConfig
 .text.HAL_RCC_ClockConfig
                0x0000000008004ec0      0x1cc Drivers/STM32F4xx_HAL_Driver/Src/stm32f4xx_hal_rcc.o
                0x0000000008004ec0                HAL_RCC_ClockConfig
 .text.HAL_RCC_GetSysClockFreq
                0x000000000800508c      0x164 Drivers/STM32F4xx_HAL_Driver/Src/stm32f4xx_hal_rcc.o
                0x000000000800508c                HAL_RCC_GetSysClockFreq
 .text.HAL_RCC_GetHCLKFreq
                0x00000000080051f0       0x18 Drivers/STM32F4xx_HAL_Driver/Src/stm32f4xx_hal_rcc.o
                0x00000000080051f0                HAL_RCC_GetHCLKFreq
 .text.HAL_RCC_GetPCLK1Freq
                0x0000000008005208       0x28 Drivers/STM32F4xx_HAL_Driver/Src/stm32f4xx_hal_rcc.o
                0x0000000008005208                HAL_RCC_GetPCLK1Freq
 .text.HAL_RCC_GetPCLK2Freq
                0x0000000008005230       0x28 Drivers/STM32F4xx_HAL_Driver/Src/stm32f4xx_hal_rcc.o
                0x0000000008005230                HAL_RCC_GetPCLK2Freq
 .text.HAL_RCCEx_PeriphCLKConfig
                0x0000000008005258      0x37c Drivers/STM32F4xx_HAL_Driver/Src/stm32f4xx_hal_rcc_ex.o
                0x0000000008005258                HAL_RCCEx_PeriphCLKConfig
 .text.HAL_RTC_Init
                0x00000000080055d4      0x122 Drivers/STM32F4xx_HAL_Driver/Src/stm32f4xx_hal_rtc.o
                0x00000000080055d4                HAL_RTC_Init
 .text.HAL_RTC_GetTime
                0x00000000080056f6       0xbc Drivers/STM32F4xx_HAL_Driver/Src/stm32f4xx_hal_rtc.o
                0x00000000080056f6                HAL_RTC_GetTime
 .text.HAL_RTC_GetDate
                0x00000000080057b2       0x9e Drivers/STM32F4xx_HAL_Driver/Src/stm32f4xx_hal_rtc.o
                0x00000000080057b2                HAL_RTC_GetDate
 .text.HAL_RTC_WaitForSynchro
                0x0000000008005850       0x50 Drivers/STM32F4xx_HAL_Driver/Src/stm32f4xx_hal_rtc.o
                0x0000000008005850                HAL_RTC_WaitForSynchro
 .text.RTC_EnterInitMode
                0x00000000080058a0       0x58 Drivers/STM32F4xx_HAL_Driver/Src/stm32f4xx_hal_rtc.o
                0x00000000080058a0                RTC_EnterInitMode
 .text.RTC_Bcd2ToByte
                0x00000000080058f8       0x3c Drivers/STM32F4xx_HAL_Driver/Src/stm32f4xx_hal_rtc.o
                0x00000000080058f8                RTC_Bcd2ToByte
 .text.HAL_TIM_Base_Init
                0x0000000008005934       0x56 Drivers/STM32F4xx_HAL_Driver/Src/stm32f4xx_hal_tim.o
                0x0000000008005934                HAL_TIM_Base_Init
 .text.HAL_TIM_Base_Start_IT
                0x000000000800598a       0x48 Drivers/STM32F4xx_HAL_Driver/Src/stm32f4xx_hal_tim.o
                0x000000000800598a                HAL_TIM_Base_Start_IT
 .text.HAL_TIM_Base_Stop_IT
                0x00000000080059d2       0x56 Drivers/STM32F4xx_HAL_Driver/Src/stm32f4xx_hal_tim.o
                0x00000000080059d2                HAL_TIM_Base_Stop_IT
 .text.HAL_TIM_IRQHandler
                0x0000000008005a28      0x210 Drivers/STM32F4xx_HAL_Driver/Src/stm32f4xx_hal_tim.o
                0x0000000008005a28                HAL_TIM_IRQHandler
 .text.HAL_TIM_ConfigClockSource
                0x0000000008005c38      0x16e Drivers/STM32F4xx_HAL_Driver/Src/stm32f4xx_hal_tim.o
                0x0000000008005c38                HAL_TIM_ConfigClockSource
 .text.HAL_TIM_OC_DelayElapsedCallback
                0x0000000008005da6       0x14 Drivers/STM32F4xx_HAL_Driver/Src/stm32f4xx_hal_tim.o
                0x0000000008005da6                HAL_TIM_OC_DelayElapsedCallback
 .text.HAL_TIM_IC_CaptureCallback
                0x0000000008005dba       0x14 Drivers/STM32F4xx_HAL_Driver/Src/stm32f4xx_hal_tim.o
                0x0000000008005dba                HAL_TIM_IC_CaptureCallback
 .text.HAL_TIM_PWM_PulseFinishedCallback
                0x0000000008005dce       0x14 Drivers/STM32F4xx_HAL_Driver/Src/stm32f4xx_hal_tim.o
                0x0000000008005dce                HAL_TIM_PWM_PulseFinishedCallback
 .text.HAL_TIM_TriggerCallback
                0x0000000008005de2       0x14 Drivers/STM32F4xx_HAL_Driver/Src/stm32f4xx_hal_tim.o
                0x0000000008005de2                HAL_TIM_TriggerCallback
 *fill*         0x0000000008005df6        0x2 
 .text.TIM_Base_SetConfig
                0x0000000008005df8      0x140 Drivers/STM32F4xx_HAL_Driver/Src/stm32f4xx_hal_tim.o
                0x0000000008005df8                TIM_Base_SetConfig
 .text.TIM_TI1_ConfigInputStage
                0x0000000008005f38       0x5e Drivers/STM32F4xx_HAL_Driver/Src/stm32f4xx_hal_tim.o
 .text.TIM_TI2_ConfigInputStage
                0x0000000008005f96       0x60 Drivers/STM32F4xx_HAL_Driver/Src/stm32f4xx_hal_tim.o
 .text.TIM_ITRx_SetConfig
                0x0000000008005ff6       0x36 Drivers/STM32F4xx_HAL_Driver/Src/stm32f4xx_hal_tim.o
 .text.TIM_ETR_SetConfig
                0x000000000800602c       0x40 Drivers/STM32F4xx_HAL_Driver/Src/stm32f4xx_hal_tim.o
                0x000000000800602c                TIM_ETR_SetConfig
 .text.HAL_TIMEx_MasterConfigSynchronization
                0x000000000800606c       0xf8 Drivers/STM32F4xx_HAL_Driver/Src/stm32f4xx_hal_tim_ex.o
                0x000000000800606c                HAL_TIMEx_MasterConfigSynchronization
 .text.HAL_TIMEx_CommutCallback
                0x0000000008006164       0x14 Drivers/STM32F4xx_HAL_Driver/Src/stm32f4xx_hal_tim_ex.o
                0x0000000008006164                HAL_TIMEx_CommutCallback
 .text.HAL_TIMEx_BreakCallback
                0x0000000008006178       0x14 Drivers/STM32F4xx_HAL_Driver/Src/stm32f4xx_hal_tim_ex.o
                0x0000000008006178                HAL_TIMEx_BreakCallback
 .text.HAL_UART_Init
                0x000000000800618c       0x9a Drivers/STM32F4xx_HAL_Driver/Src/stm32f4xx_hal_uart.o
                0x000000000800618c                HAL_UART_Init
 .text.HAL_UART_Transmit_IT
                0x0000000008006226       0x8a Drivers/STM32F4xx_HAL_Driver/Src/stm32f4xx_hal_uart.o
                0x0000000008006226                HAL_UART_Transmit_IT
 .text.HAL_UART_IRQHandler
                0x00000000080062b0      0x200 Drivers/STM32F4xx_HAL_Driver/Src/stm32f4xx_hal_uart.o
                0x00000000080062b0                HAL_UART_IRQHandler
 .text.HAL_UART_TxCpltCallback
                0x00000000080064b0       0x14 Drivers/STM32F4xx_HAL_Driver/Src/stm32f4xx_hal_uart.o
                0x00000000080064b0                HAL_UART_TxCpltCallback
 .text.HAL_UART_RxCpltCallback
                0x00000000080064c4       0x14 Drivers/STM32F4xx_HAL_Driver/Src/stm32f4xx_hal_uart.o
                0x00000000080064c4                HAL_UART_RxCpltCallback
 .text.HAL_UART_ErrorCallback
                0x00000000080064d8       0x14 Drivers/STM32F4xx_HAL_Driver/Src/stm32f4xx_hal_uart.o
                0x00000000080064d8                HAL_UART_ErrorCallback
 .text.UART_EndRxTransfer
                0x00000000080064ec       0x3c Drivers/STM32F4xx_HAL_Driver/Src/stm32f4xx_hal_uart.o
 .text.UART_DMAAbortOnError
                0x0000000008006528       0x28 Drivers/STM32F4xx_HAL_Driver/Src/stm32f4xx_hal_uart.o
 .text.UART_Transmit_IT
                0x0000000008006550       0xac Drivers/STM32F4xx_HAL_Driver/Src/stm32f4xx_hal_uart.o
 .text.UART_EndTransmit_IT
                0x00000000080065fc       0x30 Drivers/STM32F4xx_HAL_Driver/Src/stm32f4xx_hal_uart.o
 .text.UART_Receive_IT
                0x000000000800662c      0x102 Drivers/STM32F4xx_HAL_Driver/Src/stm32f4xx_hal_uart.o
 *fill*         0x000000000800672e        0x2 
 .text.UART_SetConfig
                0x0000000008006730      0x6f8 Drivers/STM32F4xx_HAL_Driver/Src/stm32f4xx_hal_uart.o
 .text.__errno  0x0000000008006e28        0xc c:/st/stm32cubeide_1.2.0/stm32cubeide/plugins/com.st.stm32cube.ide.mcu.externaltools.gnu-tools-for-stm32.7-2018-q2-update.win32_1.0.0.201904181610/tools/bin/../lib/gcc/arm-none-eabi/7.3.1/../../../../arm-none-eabi/lib/thumb/v7e-m/fpv4-sp/hard\libc_nano.a(lib_a-errno.o)
                0x0000000008006e28                __errno
 .text.__libc_init_array
                0x0000000008006e34       0x48 c:/st/stm32cubeide_1.2.0/stm32cubeide/plugins/com.st.stm32cube.ide.mcu.externaltools.gnu-tools-for-stm32.7-2018-q2-update.win32_1.0.0.201904181610/tools/bin/../lib/gcc/arm-none-eabi/7.3.1/../../../../arm-none-eabi/lib/thumb/v7e-m/fpv4-sp/hard\libc_nano.a(lib_a-init.o)
                0x0000000008006e34                __libc_init_array
 .text.memset   0x0000000008006e7c       0x10 c:/st/stm32cubeide_1.2.0/stm32cubeide/plugins/com.st.stm32cube.ide.mcu.externaltools.gnu-tools-for-stm32.7-2018-q2-update.win32_1.0.0.201904181610/tools/bin/../lib/gcc/arm-none-eabi/7.3.1/../../../../arm-none-eabi/lib/thumb/v7e-m/fpv4-sp/hard\libc_nano.a(lib_a-memset.o)
                0x0000000008006e7c                memset
 .text.snprintf
                0x0000000008006e8c       0x68 c:/st/stm32cubeide_1.2.0/stm32cubeide/plugins/com.st.stm32cube.ide.mcu.externaltools.gnu-tools-for-stm32.7-2018-q2-update.win32_1.0.0.201904181610/tools/bin/../lib/gcc/arm-none-eabi/7.3.1/../../../../arm-none-eabi/lib/thumb/v7e-m/fpv4-sp/hard\libc_nano.a(lib_a-snprintf.o)
                0x0000000008006e8c                sniprintf
                0x0000000008006e8c                snprintf
 .text.sprintf  0x0000000008006ef4       0x40 c:/st/stm32cubeide_1.2.0/stm32cubeide/plugins/com.st.stm32cube.ide.mcu.externaltools.gnu-tools-for-stm32.7-2018-q2-update.win32_1.0.0.201904181610/tools/bin/../lib/gcc/arm-none-eabi/7.3.1/../../../../arm-none-eabi/lib/thumb/v7e-m/fpv4-sp/hard\libc_nano.a(lib_a-sprintf.o)
                0x0000000008006ef4                siprintf
                0x0000000008006ef4                sprintf
 .text.__ssputs_r
                0x0000000008006f34       0xb4 c:/st/stm32cubeide_1.2.0/stm32cubeide/plugins/com.st.stm32cube.ide.mcu.externaltools.gnu-tools-for-stm32.7-2018-q2-update.win32_1.0.0.201904181610/tools/bin/../lib/gcc/arm-none-eabi/7.3.1/../../../../arm-none-eabi/lib/thumb/v7e-m/fpv4-sp/hard\libc_nano.a(lib_a-nano-svfprintf.o)
                0x0000000008006f34                __ssputs_r
 .text._svfprintf_r
                0x0000000008006fe8      0x1f0 c:/st/stm32cubeide_1.2.0/stm32cubeide/plugins/com.st.stm32cube.ide.mcu.externaltools.gnu-tools-for-stm32.7-2018-q2-update.win32_1.0.0.201904181610/tools/bin/../lib/gcc/arm-none-eabi/7.3.1/../../../../arm-none-eabi/lib/thumb/v7e-m/fpv4-sp/hard\libc_nano.a(lib_a-nano-svfprintf.o)
                0x0000000008006fe8                _svfiprintf_r
                0x0000000008006fe8                _svfprintf_r
 .text._printf_common
                0x00000000080071d8       0xea c:/st/stm32cubeide_1.2.0/stm32cubeide/plugins/com.st.stm32cube.ide.mcu.externaltools.gnu-tools-for-stm32.7-2018-q2-update.win32_1.0.0.201904181610/tools/bin/../lib/gcc/arm-none-eabi/7.3.1/../../../../arm-none-eabi/lib/thumb/v7e-m/fpv4-sp/hard\libc_nano.a(lib_a-nano-vfprintf_i.o)
                0x00000000080071d8                _printf_common
 *fill*         0x00000000080072c2        0x2 
 .text._printf_i
                0x00000000080072c4      0x224 c:/st/stm32cubeide_1.2.0/stm32cubeide/plugins/com.st.stm32cube.ide.mcu.externaltools.gnu-tools-for-stm32.7-2018-q2-update.win32_1.0.0.201904181610/tools/bin/../lib/gcc/arm-none-eabi/7.3.1/../../../../arm-none-eabi/lib/thumb/v7e-m/fpv4-sp/hard\libc_nano.a(lib_a-nano-vfprintf_i.o)
                0x00000000080072c4                _printf_i
 .text.memcpy   0x00000000080074e8       0x16 c:/st/stm32cubeide_1.2.0/stm32cubeide/plugins/com.st.stm32cube.ide.mcu.externaltools.gnu-tools-for-stm32.7-2018-q2-update.win32_1.0.0.201904181610/tools/bin/../lib/gcc/arm-none-eabi/7.3.1/../../../../arm-none-eabi/lib/thumb/v7e-m/fpv4-sp/hard\libc_nano.a(lib_a-memcpy-stub.o)
                0x00000000080074e8                memcpy
 .text.memmove  0x00000000080074fe       0x32 c:/st/stm32cubeide_1.2.0/stm32cubeide/plugins/com.st.stm32cube.ide.mcu.externaltools.gnu-tools-for-stm32.7-2018-q2-update.win32_1.0.0.201904181610/tools/bin/../lib/gcc/arm-none-eabi/7.3.1/../../../../arm-none-eabi/lib/thumb/v7e-m/fpv4-sp/hard\libc_nano.a(lib_a-memmove.o)
                0x00000000080074fe                memmove
 .text._free_r  0x0000000008007530       0x9c c:/st/stm32cubeide_1.2.0/stm32cubeide/plugins/com.st.stm32cube.ide.mcu.externaltools.gnu-tools-for-stm32.7-2018-q2-update.win32_1.0.0.201904181610/tools/bin/../lib/gcc/arm-none-eabi/7.3.1/../../../../arm-none-eabi/lib/thumb/v7e-m/fpv4-sp/hard\libc_nano.a(lib_a-nano-freer.o)
                0x0000000008007530                _free_r
 .text._malloc_r
                0x00000000080075cc       0xb4 c:/st/stm32cubeide_1.2.0/stm32cubeide/plugins/com.st.stm32cube.ide.mcu.externaltools.gnu-tools-for-stm32.7-2018-q2-update.win32_1.0.0.201904181610/tools/bin/../lib/gcc/arm-none-eabi/7.3.1/../../../../arm-none-eabi/lib/thumb/v7e-m/fpv4-sp/hard\libc_nano.a(lib_a-nano-mallocr.o)
                0x00000000080075cc                _malloc_r
 .text._realloc_r
                0x0000000008007680       0x4c c:/st/stm32cubeide_1.2.0/stm32cubeide/plugins/com.st.stm32cube.ide.mcu.externaltools.gnu-tools-for-stm32.7-2018-q2-update.win32_1.0.0.201904181610/tools/bin/../lib/gcc/arm-none-eabi/7.3.1/../../../../arm-none-eabi/lib/thumb/v7e-m/fpv4-sp/hard\libc_nano.a(lib_a-nano-reallocr.o)
                0x0000000008007680                _realloc_r
 .text._sbrk_r  0x00000000080076cc       0x20 c:/st/stm32cubeide_1.2.0/stm32cubeide/plugins/com.st.stm32cube.ide.mcu.externaltools.gnu-tools-for-stm32.7-2018-q2-update.win32_1.0.0.201904181610/tools/bin/../lib/gcc/arm-none-eabi/7.3.1/../../../../arm-none-eabi/lib/thumb/v7e-m/fpv4-sp/hard\libc_nano.a(lib_a-sbrkr.o)
                0x00000000080076cc                _sbrk_r
 .text.__malloc_lock
                0x00000000080076ec        0x2 c:/st/stm32cubeide_1.2.0/stm32cubeide/plugins/com.st.stm32cube.ide.mcu.externaltools.gnu-tools-for-stm32.7-2018-q2-update.win32_1.0.0.201904181610/tools/bin/../lib/gcc/arm-none-eabi/7.3.1/../../../../arm-none-eabi/lib/thumb/v7e-m/fpv4-sp/hard\libc_nano.a(lib_a-mlock.o)
                0x00000000080076ec                __malloc_lock
 .text.__malloc_unlock
                0x00000000080076ee        0x2 c:/st/stm32cubeide_1.2.0/stm32cubeide/plugins/com.st.stm32cube.ide.mcu.externaltools.gnu-tools-for-stm32.7-2018-q2-update.win32_1.0.0.201904181610/tools/bin/../lib/gcc/arm-none-eabi/7.3.1/../../../../arm-none-eabi/lib/thumb/v7e-m/fpv4-sp/hard\libc_nano.a(lib_a-mlock.o)
                0x00000000080076ee                __malloc_unlock
 .text._malloc_usable_size_r
                0x00000000080076f0       0x10 c:/st/stm32cubeide_1.2.0/stm32cubeide/plugins/com.st.stm32cube.ide.mcu.externaltools.gnu-tools-for-stm32.7-2018-q2-update.win32_1.0.0.201904181610/tools/bin/../lib/gcc/arm-none-eabi/7.3.1/../../../../arm-none-eabi/lib/thumb/v7e-m/fpv4-sp/hard\libc_nano.a(lib_a-nano-msizer.o)
                0x00000000080076f0                _malloc_usable_size_r
 *(.glue_7)
 .glue_7        0x0000000008007700        0x0 linker stubs
 *(.glue_7t)
 .glue_7t       0x0000000008007700        0x0 linker stubs
 *(.eh_frame)
 .eh_frame      0x0000000008007700        0x0 c:/st/stm32cubeide_1.2.0/stm32cubeide/plugins/com.st.stm32cube.ide.mcu.externaltools.gnu-tools-for-stm32.7-2018-q2-update.win32_1.0.0.201904181610/tools/bin/../lib/gcc/arm-none-eabi/7.3.1/thumb/v7e-m/fpv4-sp/hard/crtbegin.o
 *(.init)
 .init          0x0000000008007700        0x4 c:/st/stm32cubeide_1.2.0/stm32cubeide/plugins/com.st.stm32cube.ide.mcu.externaltools.gnu-tools-for-stm32.7-2018-q2-update.win32_1.0.0.201904181610/tools/bin/../lib/gcc/arm-none-eabi/7.3.1/thumb/v7e-m/fpv4-sp/hard/crti.o
                0x0000000008007700                _init
 .init          0x0000000008007704        0x8 c:/st/stm32cubeide_1.2.0/stm32cubeide/plugins/com.st.stm32cube.ide.mcu.externaltools.gnu-tools-for-stm32.7-2018-q2-update.win32_1.0.0.201904181610/tools/bin/../lib/gcc/arm-none-eabi/7.3.1/thumb/v7e-m/fpv4-sp/hard/crtn.o
 *(.fini)
 .fini          0x000000000800770c        0x4 c:/st/stm32cubeide_1.2.0/stm32cubeide/plugins/com.st.stm32cube.ide.mcu.externaltools.gnu-tools-for-stm32.7-2018-q2-update.win32_1.0.0.201904181610/tools/bin/../lib/gcc/arm-none-eabi/7.3.1/thumb/v7e-m/fpv4-sp/hard/crti.o
                0x000000000800770c                _fini
 .fini          0x0000000008007710        0x8 c:/st/stm32cubeide_1.2.0/stm32cubeide/plugins/com.st.stm32cube.ide.mcu.externaltools.gnu-tools-for-stm32.7-2018-q2-update.win32_1.0.0.201904181610/tools/bin/../lib/gcc/arm-none-eabi/7.3.1/thumb/v7e-m/fpv4-sp/hard/crtn.o
                0x0000000008007718                . = ALIGN (0x4)
                0x0000000008007718                _etext = .

.vfp11_veneer   0x0000000008007718        0x0
 .vfp11_veneer  0x0000000008007718        0x0 linker stubs

.v4_bx          0x0000000008007718        0x0
 .v4_bx         0x0000000008007718        0x0 linker stubs

.iplt           0x0000000008007718        0x0
 .iplt          0x0000000008007718        0x0 c:/st/stm32cubeide_1.2.0/stm32cubeide/plugins/com.st.stm32cube.ide.mcu.externaltools.gnu-tools-for-stm32.7-2018-q2-update.win32_1.0.0.201904181610/tools/bin/../lib/gcc/arm-none-eabi/7.3.1/thumb/v7e-m/fpv4-sp/hard/crtbegin.o

.rodata         0x0000000008007718      0x340
                0x0000000008007718                . = ALIGN (0x4)
 *(.rodata)
 .rodata        0x0000000008007718       0x15 Core/Display/Src/display.o
 *fill*         0x000000000800772d        0x3 
 .rodata        0x0000000008007730       0x97 Core/Display/Src/homescreen.o
 *fill*         0x00000000080077c7        0x1 
 .rodata        0x00000000080077c8      0x241 Core/Display/Src/settings_screen.o
 *(.rodata*)
 *fill*         0x0000000008007a09        0x3 
 .rodata.AHBPrescTable
                0x0000000008007a0c       0x10 Core/Src/system_stm32f4xx.o
                0x0000000008007a0c                AHBPrescTable
 .rodata.APBPrescTable
                0x0000000008007a1c        0x8 Core/Src/system_stm32f4xx.o
                0x0000000008007a1c                APBPrescTable
 .rodata._svfprintf_r.str1.1
                0x0000000008007a24       0x11 c:/st/stm32cubeide_1.2.0/stm32cubeide/plugins/com.st.stm32cube.ide.mcu.externaltools.gnu-tools-for-stm32.7-2018-q2-update.win32_1.0.0.201904181610/tools/bin/../lib/gcc/arm-none-eabi/7.3.1/../../../../arm-none-eabi/lib/thumb/v7e-m/fpv4-sp/hard\libc_nano.a(lib_a-nano-svfprintf.o)
 .rodata._printf_i.str1.1
                0x0000000008007a35       0x22 c:/st/stm32cubeide_1.2.0/stm32cubeide/plugins/com.st.stm32cube.ide.mcu.externaltools.gnu-tools-for-stm32.7-2018-q2-update.win32_1.0.0.201904181610/tools/bin/../lib/gcc/arm-none-eabi/7.3.1/../../../../arm-none-eabi/lib/thumb/v7e-m/fpv4-sp/hard\libc_nano.a(lib_a-nano-vfprintf_i.o)
                0x0000000008007a58                . = ALIGN (0x4)
 *fill*         0x0000000008007a57        0x1 

.ARM.extab      0x0000000008007a58        0x0
                0x0000000008007a58                . = ALIGN (0x4)
 *(.ARM.extab* .gnu.linkonce.armextab.*)
                0x0000000008007a58                . = ALIGN (0x4)

.ARM            0x0000000008007a58        0x8
                0x0000000008007a58                . = ALIGN (0x4)
                0x0000000008007a58                __exidx_start = .
 *(.ARM.exidx*)
 .ARM.exidx     0x0000000008007a58        0x8 c:/st/stm32cubeide_1.2.0/stm32cubeide/plugins/com.st.stm32cube.ide.mcu.externaltools.gnu-tools-for-stm32.7-2018-q2-update.win32_1.0.0.201904181610/tools/bin/../lib/gcc/arm-none-eabi/7.3.1/thumb/v7e-m/fpv4-sp/hard\libgcc.a(_udivmoddi4.o)
                0x0000000008007a60                __exidx_end = .
                0x0000000008007a60                . = ALIGN (0x4)

.rel.dyn        0x0000000008007a60        0x0
 .rel.iplt      0x0000000008007a60        0x0 c:/st/stm32cubeide_1.2.0/stm32cubeide/plugins/com.st.stm32cube.ide.mcu.externaltools.gnu-tools-for-stm32.7-2018-q2-update.win32_1.0.0.201904181610/tools/bin/../lib/gcc/arm-none-eabi/7.3.1/thumb/v7e-m/fpv4-sp/hard/crtbegin.o

.preinit_array  0x0000000008007a60        0x0
                0x0000000008007a60                . = ALIGN (0x4)
                0x0000000008007a60                PROVIDE (__preinit_array_start = .)
 *(.preinit_array*)
                0x0000000008007a60                PROVIDE (__preinit_array_end = .)
                0x0000000008007a60                . = ALIGN (0x4)

.init_array     0x0000000008007a60        0x4
                0x0000000008007a60                . = ALIGN (0x4)
                0x0000000008007a60                PROVIDE (__init_array_start = .)
 *(SORT_BY_NAME(.init_array.*))
 *(.init_array*)
 .init_array    0x0000000008007a60        0x4 c:/st/stm32cubeide_1.2.0/stm32cubeide/plugins/com.st.stm32cube.ide.mcu.externaltools.gnu-tools-for-stm32.7-2018-q2-update.win32_1.0.0.201904181610/tools/bin/../lib/gcc/arm-none-eabi/7.3.1/thumb/v7e-m/fpv4-sp/hard/crtbegin.o
                0x0000000008007a64                PROVIDE (__init_array_end = .)
                0x0000000008007a64                . = ALIGN (0x4)

.fini_array     0x0000000008007a64        0x4
                0x0000000008007a64                . = ALIGN (0x4)
                [!provide]                        PROVIDE (__fini_array_start = .)
 *(SORT_BY_NAME(.fini_array.*))
 *(.fini_array*)
 .fini_array    0x0000000008007a64        0x4 c:/st/stm32cubeide_1.2.0/stm32cubeide/plugins/com.st.stm32cube.ide.mcu.externaltools.gnu-tools-for-stm32.7-2018-q2-update.win32_1.0.0.201904181610/tools/bin/../lib/gcc/arm-none-eabi/7.3.1/thumb/v7e-m/fpv4-sp/hard/crtbegin.o
                [!provide]                        PROVIDE (__fini_array_end = .)
                0x0000000008007a68                . = ALIGN (0x4)
                0x0000000008007a68                _sidata = LOADADDR (.data)

.data           0x0000000020000000       0x78 load address 0x0000000008007a68
                0x0000000020000000                . = ALIGN (0x4)
                0x0000000020000000                _sdata = .
 *(.data)
 *(.data*)
 .data.end_char
                0x0000000020000000        0x4 Core/Display/Src/display.o
                0x0000000020000000                end_char
 .data.pump2_state
                0x0000000020000004        0x1 Core/Platform/Src/platform.o
                0x0000000020000004                pump2_state
 *fill*         0x0000000020000005        0x3 
 .data.SystemCoreClock
                0x0000000020000008        0x4 Core/Src/system_stm32f4xx.o
                0x0000000020000008                SystemCoreClock
 .data.uwTickPrio
                0x000000002000000c        0x4 Drivers/STM32F4xx_HAL_Driver/Src/stm32f4xx_hal.o
                0x000000002000000c                uwTickPrio
 .data.uwTickFreq
                0x0000000020000010        0x1 Drivers/STM32F4xx_HAL_Driver/Src/stm32f4xx_hal.o
                0x0000000020000010                uwTickFreq
 *fill*         0x0000000020000011        0x3 
 .data._impure_ptr
                0x0000000020000014        0x4 c:/st/stm32cubeide_1.2.0/stm32cubeide/plugins/com.st.stm32cube.ide.mcu.externaltools.gnu-tools-for-stm32.7-2018-q2-update.win32_1.0.0.201904181610/tools/bin/../lib/gcc/arm-none-eabi/7.3.1/../../../../arm-none-eabi/lib/thumb/v7e-m/fpv4-sp/hard\libc_nano.a(lib_a-impure.o)
                0x0000000020000014                _impure_ptr
 .data.impure_data
                0x0000000020000018       0x60 c:/st/stm32cubeide_1.2.0/stm32cubeide/plugins/com.st.stm32cube.ide.mcu.externaltools.gnu-tools-for-stm32.7-2018-q2-update.win32_1.0.0.201904181610/tools/bin/../lib/gcc/arm-none-eabi/7.3.1/../../../../arm-none-eabi/lib/thumb/v7e-m/fpv4-sp/hard\libc_nano.a(lib_a-impure.o)
                0x0000000020000078                . = ALIGN (0x4)
                0x0000000020000078                _edata = .

.igot.plt       0x0000000020000078        0x0 load address 0x0000000008007ae0
 .igot.plt      0x0000000020000078        0x0 c:/st/stm32cubeide_1.2.0/stm32cubeide/plugins/com.st.stm32cube.ide.mcu.externaltools.gnu-tools-for-stm32.7-2018-q2-update.win32_1.0.0.201904181610/tools/bin/../lib/gcc/arm-none-eabi/7.3.1/thumb/v7e-m/fpv4-sp/hard/crtbegin.o
                0x0000000020000078                . = ALIGN (0x4)

.bss            0x0000000020000078      0x504 load address 0x0000000008007ae0
                0x0000000020000078                _sbss = .
                0x0000000020000078                __bss_start__ = _sbss
 *(.bss)
 .bss           0x0000000020000078       0x1c c:/st/stm32cubeide_1.2.0/stm32cubeide/plugins/com.st.stm32cube.ide.mcu.externaltools.gnu-tools-for-stm32.7-2018-q2-update.win32_1.0.0.201904181610/tools/bin/../lib/gcc/arm-none-eabi/7.3.1/thumb/v7e-m/fpv4-sp/hard/crtbegin.o
 *(.bss*)
 .bss.current_screen_state
                0x0000000020000094        0x4 Core/Display/Src/display.o
                0x0000000020000094                current_screen_state
 .bss.disp_cmd_len
                0x0000000020000098        0x4 Core/Display/Src/display.o
                0x0000000020000098                disp_cmd_len
 .bss.key_pressed
                0x000000002000009c        0x4 Core/Display/Src/keys.o
                0x000000002000009c                key_pressed
 .bss.current_edit_settings_state
                0x00000000200000a0        0x4 Core/Display/Src/settings_screen.o
                0x00000000200000a0                current_edit_settings_state
 .bss.edit_settings_cmd_len
                0x00000000200000a4        0x4 Core/Display/Src/settings_screen.o
                0x00000000200000a4                edit_settings_cmd_len
 .bss.settings_semaphore
                0x00000000200000a8        0x4 Core/Display/Src/settings_screen.o
                0x00000000200000a8                settings_semaphore
 .bss.current_digit_loc
                0x00000000200000ac        0x4 Core/Display/Src/settings_screen.o
 .bss.new_digits
                0x00000000200000b0        0x6 Core/Display/Src/settings_screen.o
 *fill*         0x00000000200000b6        0x2 
 .bss.new_four_digits
                0x00000000200000b8        0x4 Core/Display/Src/settings_screen.o
 .bss.button_state
                0x00000000200000bc        0x1 Core/Display/Src/settings_screen.o
 *fill*         0x00000000200000bd        0x3 
 .bss.makeup_water_added
                0x00000000200000c0        0x4 Core/Platform/Src/platform.o
                0x00000000200000c0                makeup_water_added
 .bss.blowdown_water
                0x00000000200000c4        0x4 Core/Platform/Src/platform.o
                0x00000000200000c4                blowdown_water
 .bss.chemical1
                0x00000000200000c8        0x4 Core/Platform/Src/platform.o
                0x00000000200000c8                chemical1
 .bss.chemical2
                0x00000000200000cc        0x4 Core/Platform/Src/platform.o
                0x00000000200000cc                chemical2
 .bss.ph_inlet_water
                0x00000000200000d0        0x2 Core/Platform/Src/platform.o
                0x00000000200000d0                ph_inlet_water
 .bss.ph_plant_water
                0x00000000200000d2        0x2 Core/Platform/Src/platform.o
                0x00000000200000d2                ph_plant_water
 .bss.tds_inlet_water
                0x00000000200000d4        0x2 Core/Platform/Src/platform.o
                0x00000000200000d4                tds_inlet_water
 .bss.tds_plant_water
                0x00000000200000d6        0x2 Core/Platform/Src/platform.o
                0x00000000200000d6                tds_plant_water
 .bss.pump1_state
                0x00000000200000d8        0x1 Core/Platform/Src/platform.o
                0x00000000200000d8                pump1_state
 *fill*         0x00000000200000d9        0x3 
 .bss.yorker_settings
                0x00000000200000dc       0x28 Core/Platform/Src/platform.o
                0x00000000200000dc                yorker_settings
 .bss.save_settings
                0x0000000020000104        0x1 Core/Platform/Src/platform.o
                0x0000000020000104                save_settings
 *fill*         0x0000000020000105        0x3 
 .bss.cTime     0x0000000020000108       0x14 Core/Platform/Src/platform.o
                0x0000000020000108                cTime
 .bss.cDate     0x000000002000011c        0x4 Core/Platform/Src/platform.o
                0x000000002000011c                cDate
 .bss.pulse1_cnt_flag
                0x0000000020000120        0x4 Core/Platform/Src/platform_timer.o
                0x0000000020000120                pulse1_cnt_flag
 .bss.pulse2_cnt_flag
                0x0000000020000124        0x4 Core/Platform/Src/platform_timer.o
                0x0000000020000124                pulse2_cnt_flag
 .bss.__sbrk_heap_end
                0x0000000020000128        0x4 Core/Src/sysmem.o
 .bss.__malloc_free_list
                0x000000002000012c        0x4 c:/st/stm32cubeide_1.2.0/stm32cubeide/plugins/com.st.stm32cube.ide.mcu.externaltools.gnu-tools-for-stm32.7-2018-q2-update.win32_1.0.0.201904181610/tools/bin/../lib/gcc/arm-none-eabi/7.3.1/../../../../arm-none-eabi/lib/thumb/v7e-m/fpv4-sp/hard\libc_nano.a(lib_a-nano-mallocr.o)
                0x000000002000012c                __malloc_free_list
 .bss.__malloc_sbrk_start
                0x0000000020000130        0x4 c:/st/stm32cubeide_1.2.0/stm32cubeide/plugins/com.st.stm32cube.ide.mcu.externaltools.gnu-tools-for-stm32.7-2018-q2-update.win32_1.0.0.201904181610/tools/bin/../lib/gcc/arm-none-eabi/7.3.1/../../../../arm-none-eabi/lib/thumb/v7e-m/fpv4-sp/hard\libc_nano.a(lib_a-nano-mallocr.o)
                0x0000000020000130                __malloc_sbrk_start
 *(COMMON)
 COMMON         0x0000000020000134       0x68 Core/Display/Src/display.o
                0x0000000020000134                DisplayActions
                0x0000000020000138                disp_cmd
 COMMON         0x000000002000019c        0x4 Core/Display/Src/keys.o
                0x000000002000019c                key_pressed_flag
 COMMON         0x00000000200001a0      0x12c Core/Display/Src/settings_screen.o
                0x00000000200001a0                edit_settings_cmd
 COMMON         0x00000000200002cc       0x10 Core/Platform/Src/platform.o
                0x00000000200002cc                yorker_homescreen_settings
 COMMON         0x00000000200002dc       0xd8 Core/Platform/Src/platform_adc.o
                0x00000000200002dc                hadc2
                0x0000000020000324                hadc1
                0x000000002000036c                hadc3
 COMMON         0x00000000200003b4       0x20 Core/Platform/Src/platform_rtc.o
                0x00000000200003b4                hrtc
 COMMON         0x00000000200003d4       0xc0 Core/Platform/Src/platform_timer.o
                0x00000000200003d4                htim4
                0x0000000020000414                htim5
                0x0000000020000454                htim2
 COMMON         0x0000000020000494       0xc0 Core/Platform/Src/platform_uart.o
                0x0000000020000494                huart7
                0x00000000200004d4                huart5
                0x0000000020000514                huart2
 COMMON         0x0000000020000554        0x4 Drivers/STM32F4xx_HAL_Driver/Src/stm32f4xx_hal.o
                0x0000000020000554                uwTick
 COMMON         0x0000000020000558       0x20 Drivers/STM32F4xx_HAL_Driver/Src/stm32f4xx_hal_flash.o
                0x0000000020000558                pFlash
 COMMON         0x0000000020000578        0x4 c:/st/stm32cubeide_1.2.0/stm32cubeide/plugins/com.st.stm32cube.ide.mcu.externaltools.gnu-tools-for-stm32.7-2018-q2-update.win32_1.0.0.201904181610/tools/bin/../lib/gcc/arm-none-eabi/7.3.1/../../../../arm-none-eabi/lib/thumb/v7e-m/fpv4-sp/hard\libc_nano.a(lib_a-reent.o)
                0x0000000020000578                errno
                0x000000002000057c                . = ALIGN (0x4)
                0x000000002000057c                _ebss = .
                0x000000002000057c                __bss_end__ = _ebss

._user_heap_stack
                0x000000002000057c      0x604 load address 0x0000000008007ae0
                0x0000000020000580                . = ALIGN (0x8)
 *fill*         0x000000002000057c        0x4 
                [!provide]                        PROVIDE (end = .)
                0x0000000020000580                PROVIDE (_end = .)
                0x0000000020000780                . = (. + _Min_Heap_Size)
 *fill*         0x0000000020000580      0x200 
                0x0000000020000b80                . = (. + _Min_Stack_Size)
 *fill*         0x0000000020000780      0x400 
                0x0000000020000b80                . = ALIGN (0x8)

/DISCARD/
 libc.a(*)
 libm.a(*)
 libgcc.a(*)

.ARM.attributes
                0x0000000000000000       0x30
 *(.ARM.attributes)
 .ARM.attributes
                0x0000000000000000       0x22 c:/st/stm32cubeide_1.2.0/stm32cubeide/plugins/com.st.stm32cube.ide.mcu.externaltools.gnu-tools-for-stm32.7-2018-q2-update.win32_1.0.0.201904181610/tools/bin/../lib/gcc/arm-none-eabi/7.3.1/thumb/v7e-m/fpv4-sp/hard/crti.o
 .ARM.attributes
                0x0000000000000022       0x34 c:/st/stm32cubeide_1.2.0/stm32cubeide/plugins/com.st.stm32cube.ide.mcu.externaltools.gnu-tools-for-stm32.7-2018-q2-update.win32_1.0.0.201904181610/tools/bin/../lib/gcc/arm-none-eabi/7.3.1/thumb/v7e-m/fpv4-sp/hard/crtbegin.o
 .ARM.attributes
                0x0000000000000056       0x39 Core/Display/Src/display.o
 .ARM.attributes
                0x000000000000008f       0x39 Core/Display/Src/homescreen.o
 .ARM.attributes
                0x00000000000000c8       0x39 Core/Display/Src/keys.o
 .ARM.attributes
                0x0000000000000101       0x39 Core/Display/Src/settings_screen.o
 .ARM.attributes
                0x000000000000013a       0x39 Core/Platform/Src/platform.o
 .ARM.attributes
                0x0000000000000173       0x39 Core/Platform/Src/platform_adc.o
 .ARM.attributes
                0x00000000000001ac       0x39 Core/Platform/Src/platform_display.o
 .ARM.attributes
                0x00000000000001e5       0x39 Core/Platform/Src/platform_flashstorage.o
 .ARM.attributes
                0x000000000000021e       0x39 Core/Platform/Src/platform_gpio.o
 .ARM.attributes
                0x0000000000000257       0x39 Core/Platform/Src/platform_rcc.o
 .ARM.attributes
                0x0000000000000290       0x39 Core/Platform/Src/platform_rtc.o
 .ARM.attributes
                0x00000000000002c9       0x39 Core/Platform/Src/platform_timer.o
 .ARM.attributes
                0x0000000000000302       0x39 Core/Platform/Src/platform_uart.o
 .ARM.attributes
                0x000000000000033b       0x39 Core/Src/main.o
 .ARM.attributes
                0x0000000000000374       0x39 Core/Src/stm32f4xx_hal_msp.o
 .ARM.attributes
                0x00000000000003ad       0x39 Core/Src/stm32f4xx_it.o
 .ARM.attributes
                0x00000000000003e6       0x39 Core/Src/sysmem.o
 .ARM.attributes
                0x000000000000041f       0x39 Core/Src/system_stm32f4xx.o
 .ARM.attributes
                0x0000000000000458       0x21 Core/Startup/startup_stm32f429vgtx.o
 .ARM.attributes
                0x0000000000000479       0x39 Drivers/STM32F4xx_HAL_Driver/Src/stm32f4xx_hal.o
 .ARM.attributes
                0x00000000000004b2       0x39 Drivers/STM32F4xx_HAL_Driver/Src/stm32f4xx_hal_adc.o
 .ARM.attributes
                0x00000000000004eb       0x39 Drivers/STM32F4xx_HAL_Driver/Src/stm32f4xx_hal_cortex.o
 .ARM.attributes
                0x0000000000000524       0x39 Drivers/STM32F4xx_HAL_Driver/Src/stm32f4xx_hal_dma.o
 .ARM.attributes
                0x000000000000055d       0x39 Drivers/STM32F4xx_HAL_Driver/Src/stm32f4xx_hal_flash.o
 .ARM.attributes
                0x0000000000000596       0x39 Drivers/STM32F4xx_HAL_Driver/Src/stm32f4xx_hal_flash_ex.o
 .ARM.attributes
                0x00000000000005cf       0x39 Drivers/STM32F4xx_HAL_Driver/Src/stm32f4xx_hal_gpio.o
 .ARM.attributes
                0x0000000000000608       0x39 Drivers/STM32F4xx_HAL_Driver/Src/stm32f4xx_hal_rcc.o
 .ARM.attributes
                0x0000000000000641       0x39 Drivers/STM32F4xx_HAL_Driver/Src/stm32f4xx_hal_rcc_ex.o
 .ARM.attributes
                0x000000000000067a       0x39 Drivers/STM32F4xx_HAL_Driver/Src/stm32f4xx_hal_rtc.o
 .ARM.attributes
                0x00000000000006b3       0x39 Drivers/STM32F4xx_HAL_Driver/Src/stm32f4xx_hal_tim.o
 .ARM.attributes
                0x00000000000006ec       0x39 Drivers/STM32F4xx_HAL_Driver/Src/stm32f4xx_hal_tim_ex.o
 .ARM.attributes
                0x0000000000000725       0x39 Drivers/STM32F4xx_HAL_Driver/Src/stm32f4xx_hal_uart.o
 .ARM.attributes
                0x000000000000075e       0x34 c:/st/stm32cubeide_1.2.0/stm32cubeide/plugins/com.st.stm32cube.ide.mcu.externaltools.gnu-tools-for-stm32.7-2018-q2-update.win32_1.0.0.201904181610/tools/bin/../lib/gcc/arm-none-eabi/7.3.1/../../../../arm-none-eabi/lib/thumb/v7e-m/fpv4-sp/hard\libc_nano.a(lib_a-errno.o)
 .ARM.attributes
                0x0000000000000792       0x34 c:/st/stm32cubeide_1.2.0/stm32cubeide/plugins/com.st.stm32cube.ide.mcu.externaltools.gnu-tools-for-stm32.7-2018-q2-update.win32_1.0.0.201904181610/tools/bin/../lib/gcc/arm-none-eabi/7.3.1/../../../../arm-none-eabi/lib/thumb/v7e-m/fpv4-sp/hard\libc_nano.a(lib_a-impure.o)
 .ARM.attributes
                0x00000000000007c6       0x34 c:/st/stm32cubeide_1.2.0/stm32cubeide/plugins/com.st.stm32cube.ide.mcu.externaltools.gnu-tools-for-stm32.7-2018-q2-update.win32_1.0.0.201904181610/tools/bin/../lib/gcc/arm-none-eabi/7.3.1/../../../../arm-none-eabi/lib/thumb/v7e-m/fpv4-sp/hard\libc_nano.a(lib_a-init.o)
 .ARM.attributes
                0x00000000000007fa       0x34 c:/st/stm32cubeide_1.2.0/stm32cubeide/plugins/com.st.stm32cube.ide.mcu.externaltools.gnu-tools-for-stm32.7-2018-q2-update.win32_1.0.0.201904181610/tools/bin/../lib/gcc/arm-none-eabi/7.3.1/../../../../arm-none-eabi/lib/thumb/v7e-m/fpv4-sp/hard\libc_nano.a(lib_a-memset.o)
 .ARM.attributes
                0x000000000000082e       0x34 c:/st/stm32cubeide_1.2.0/stm32cubeide/plugins/com.st.stm32cube.ide.mcu.externaltools.gnu-tools-for-stm32.7-2018-q2-update.win32_1.0.0.201904181610/tools/bin/../lib/gcc/arm-none-eabi/7.3.1/../../../../arm-none-eabi/lib/thumb/v7e-m/fpv4-sp/hard\libc_nano.a(lib_a-snprintf.o)
 .ARM.attributes
                0x0000000000000862       0x34 c:/st/stm32cubeide_1.2.0/stm32cubeide/plugins/com.st.stm32cube.ide.mcu.externaltools.gnu-tools-for-stm32.7-2018-q2-update.win32_1.0.0.201904181610/tools/bin/../lib/gcc/arm-none-eabi/7.3.1/../../../../arm-none-eabi/lib/thumb/v7e-m/fpv4-sp/hard\libc_nano.a(lib_a-sprintf.o)
 .ARM.attributes
                0x0000000000000896       0x34 c:/st/stm32cubeide_1.2.0/stm32cubeide/plugins/com.st.stm32cube.ide.mcu.externaltools.gnu-tools-for-stm32.7-2018-q2-update.win32_1.0.0.201904181610/tools/bin/../lib/gcc/arm-none-eabi/7.3.1/../../../../arm-none-eabi/lib/thumb/v7e-m/fpv4-sp/hard\libc_nano.a(lib_a-nano-svfprintf.o)
 .ARM.attributes
                0x00000000000008ca       0x34 c:/st/stm32cubeide_1.2.0/stm32cubeide/plugins/com.st.stm32cube.ide.mcu.externaltools.gnu-tools-for-stm32.7-2018-q2-update.win32_1.0.0.201904181610/tools/bin/../lib/gcc/arm-none-eabi/7.3.1/../../../../arm-none-eabi/lib/thumb/v7e-m/fpv4-sp/hard\libc_nano.a(lib_a-nano-vfprintf_i.o)
 .ARM.attributes
                0x00000000000008fe       0x20 c:/st/stm32cubeide_1.2.0/stm32cubeide/plugins/com.st.stm32cube.ide.mcu.externaltools.gnu-tools-for-stm32.7-2018-q2-update.win32_1.0.0.201904181610/tools/bin/../lib/gcc/arm-none-eabi/7.3.1/../../../../arm-none-eabi/lib/thumb/v7e-m/fpv4-sp/hard\libc_nano.a(lib_a-memchr.o)
 .ARM.attributes
                0x000000000000091e       0x34 c:/st/stm32cubeide_1.2.0/stm32cubeide/plugins/com.st.stm32cube.ide.mcu.externaltools.gnu-tools-for-stm32.7-2018-q2-update.win32_1.0.0.201904181610/tools/bin/../lib/gcc/arm-none-eabi/7.3.1/../../../../arm-none-eabi/lib/thumb/v7e-m/fpv4-sp/hard\libc_nano.a(lib_a-memcpy-stub.o)
 .ARM.attributes
                0x0000000000000952       0x34 c:/st/stm32cubeide_1.2.0/stm32cubeide/plugins/com.st.stm32cube.ide.mcu.externaltools.gnu-tools-for-stm32.7-2018-q2-update.win32_1.0.0.201904181610/tools/bin/../lib/gcc/arm-none-eabi/7.3.1/../../../../arm-none-eabi/lib/thumb/v7e-m/fpv4-sp/hard\libc_nano.a(lib_a-memmove.o)
 .ARM.attributes
                0x0000000000000986       0x34 c:/st/stm32cubeide_1.2.0/stm32cubeide/plugins/com.st.stm32cube.ide.mcu.externaltools.gnu-tools-for-stm32.7-2018-q2-update.win32_1.0.0.201904181610/tools/bin/../lib/gcc/arm-none-eabi/7.3.1/../../../../arm-none-eabi/lib/thumb/v7e-m/fpv4-sp/hard\libc_nano.a(lib_a-nano-freer.o)
 .ARM.attributes
                0x00000000000009ba       0x34 c:/st/stm32cubeide_1.2.0/stm32cubeide/plugins/com.st.stm32cube.ide.mcu.externaltools.gnu-tools-for-stm32.7-2018-q2-update.win32_1.0.0.201904181610/tools/bin/../lib/gcc/arm-none-eabi/7.3.1/../../../../arm-none-eabi/lib/thumb/v7e-m/fpv4-sp/hard\libc_nano.a(lib_a-nano-mallocr.o)
 .ARM.attributes
                0x00000000000009ee       0x34 c:/st/stm32cubeide_1.2.0/stm32cubeide/plugins/com.st.stm32cube.ide.mcu.externaltools.gnu-tools-for-stm32.7-2018-q2-update.win32_1.0.0.201904181610/tools/bin/../lib/gcc/arm-none-eabi/7.3.1/../../../../arm-none-eabi/lib/thumb/v7e-m/fpv4-sp/hard\libc_nano.a(lib_a-nano-reallocr.o)
 .ARM.attributes
                0x0000000000000a22       0x34 c:/st/stm32cubeide_1.2.0/stm32cubeide/plugins/com.st.stm32cube.ide.mcu.externaltools.gnu-tools-for-stm32.7-2018-q2-update.win32_1.0.0.201904181610/tools/bin/../lib/gcc/arm-none-eabi/7.3.1/../../../../arm-none-eabi/lib/thumb/v7e-m/fpv4-sp/hard\libc_nano.a(lib_a-sbrkr.o)
 .ARM.attributes
                0x0000000000000a56       0x34 c:/st/stm32cubeide_1.2.0/stm32cubeide/plugins/com.st.stm32cube.ide.mcu.externaltools.gnu-tools-for-stm32.7-2018-q2-update.win32_1.0.0.201904181610/tools/bin/../lib/gcc/arm-none-eabi/7.3.1/../../../../arm-none-eabi/lib/thumb/v7e-m/fpv4-sp/hard\libc_nano.a(lib_a-mlock.o)
 .ARM.attributes
                0x0000000000000a8a       0x34 c:/st/stm32cubeide_1.2.0/stm32cubeide/plugins/com.st.stm32cube.ide.mcu.externaltools.gnu-tools-for-stm32.7-2018-q2-update.win32_1.0.0.201904181610/tools/bin/../lib/gcc/arm-none-eabi/7.3.1/../../../../arm-none-eabi/lib/thumb/v7e-m/fpv4-sp/hard\libc_nano.a(lib_a-nano-msizer.o)
 .ARM.attributes
                0x0000000000000abe       0x34 c:/st/stm32cubeide_1.2.0/stm32cubeide/plugins/com.st.stm32cube.ide.mcu.externaltools.gnu-tools-for-stm32.7-2018-q2-update.win32_1.0.0.201904181610/tools/bin/../lib/gcc/arm-none-eabi/7.3.1/../../../../arm-none-eabi/lib/thumb/v7e-m/fpv4-sp/hard\libc_nano.a(lib_a-reent.o)
 .ARM.attributes
                0x0000000000000af2       0x22 c:/st/stm32cubeide_1.2.0/stm32cubeide/plugins/com.st.stm32cube.ide.mcu.externaltools.gnu-tools-for-stm32.7-2018-q2-update.win32_1.0.0.201904181610/tools/bin/../lib/gcc/arm-none-eabi/7.3.1/thumb/v7e-m/fpv4-sp/hard\libgcc.a(_aeabi_uldivmod.o)
 .ARM.attributes
                0x0000000000000b14       0x34 c:/st/stm32cubeide_1.2.0/stm32cubeide/plugins/com.st.stm32cube.ide.mcu.externaltools.gnu-tools-for-stm32.7-2018-q2-update.win32_1.0.0.201904181610/tools/bin/../lib/gcc/arm-none-eabi/7.3.1/thumb/v7e-m/fpv4-sp/hard\libgcc.a(_udivmoddi4.o)
 .ARM.attributes
                0x0000000000000b48       0x22 c:/st/stm32cubeide_1.2.0/stm32cubeide/plugins/com.st.stm32cube.ide.mcu.externaltools.gnu-tools-for-stm32.7-2018-q2-update.win32_1.0.0.201904181610/tools/bin/../lib/gcc/arm-none-eabi/7.3.1/thumb/v7e-m/fpv4-sp/hard\libgcc.a(_dvmd_tls.o)
 .ARM.attributes
                0x0000000000000b6a       0x22 c:/st/stm32cubeide_1.2.0/stm32cubeide/plugins/com.st.stm32cube.ide.mcu.externaltools.gnu-tools-for-stm32.7-2018-q2-update.win32_1.0.0.201904181610/tools/bin/../lib/gcc/arm-none-eabi/7.3.1/thumb/v7e-m/fpv4-sp/hard/crtn.o
OUTPUT(yorker-dev.elf elf32-littlearm)

.debug_info     0x0000000000000000    0x1602c
 .debug_info    0x0000000000000000      0xce3 Core/Display/Src/display.o
 .debug_info    0x0000000000000ce3      0xf20 Core/Display/Src/homescreen.o
 .debug_info    0x0000000000001c03      0x3c2 Core/Display/Src/keys.o
 .debug_info    0x0000000000001fc5     0x13f0 Core/Display/Src/settings_screen.o
 .debug_info    0x00000000000033b5      0x618 Core/Platform/Src/platform.o
 .debug_info    0x00000000000039cd      0xa15 Core/Platform/Src/platform_adc.o
 .debug_info    0x00000000000043e2      0x484 Core/Platform/Src/platform_display.o
 .debug_info    0x0000000000004866      0x5a5 Core/Platform/Src/platform_flashstorage.o
 .debug_info    0x0000000000004e0b      0x817 Core/Platform/Src/platform_gpio.o
 .debug_info    0x0000000000005622      0x91e Core/Platform/Src/platform_rcc.o
 .debug_info    0x0000000000005f40      0x901 Core/Platform/Src/platform_rtc.o
 .debug_info    0x0000000000006841      0xbcc Core/Platform/Src/platform_timer.o
 .debug_info    0x000000000000740d      0x9cb Core/Platform/Src/platform_uart.o
 .debug_info    0x0000000000007dd8      0x488 Core/Src/main.o
 .debug_info    0x0000000000008260     0x18d4 Core/Src/stm32f4xx_hal_msp.o
 .debug_info    0x0000000000009b34      0xc71 Core/Src/stm32f4xx_it.o
 .debug_info    0x000000000000a7a5      0x985 Core/Src/sysmem.o
 .debug_info    0x000000000000b12a      0x56e Core/Src/system_stm32f4xx.o
 .debug_info    0x000000000000b698       0x22 Core/Startup/startup_stm32f429vgtx.o
 .debug_info    0x000000000000b6ba      0x9b9 Drivers/STM32F4xx_HAL_Driver/Src/stm32f4xx_hal.o
 .debug_info    0x000000000000c073      0xcee Drivers/STM32F4xx_HAL_Driver/Src/stm32f4xx_hal_adc.o
 .debug_info    0x000000000000cd61      0xe5e Drivers/STM32F4xx_HAL_Driver/Src/stm32f4xx_hal_cortex.o
 .debug_info    0x000000000000dbbf      0x968 Drivers/STM32F4xx_HAL_Driver/Src/stm32f4xx_hal_dma.o
 .debug_info    0x000000000000e527      0x622 Drivers/STM32F4xx_HAL_Driver/Src/stm32f4xx_hal_flash.o
 .debug_info    0x000000000000eb49      0x933 Drivers/STM32F4xx_HAL_Driver/Src/stm32f4xx_hal_flash_ex.o
 .debug_info    0x000000000000f47c      0x7cf Drivers/STM32F4xx_HAL_Driver/Src/stm32f4xx_hal_gpio.o
 .debug_info    0x000000000000fc4b      0x91e Drivers/STM32F4xx_HAL_Driver/Src/stm32f4xx_hal_rcc.o
 .debug_info    0x0000000000010569      0x6bc Drivers/STM32F4xx_HAL_Driver/Src/stm32f4xx_hal_rcc_ex.o
 .debug_info    0x0000000000010c25      0xbbb Drivers/STM32F4xx_HAL_Driver/Src/stm32f4xx_hal_rtc.o
 .debug_info    0x00000000000117e0     0x24a9 Drivers/STM32F4xx_HAL_Driver/Src/stm32f4xx_hal_tim.o
 .debug_info    0x0000000000013c89     0x1157 Drivers/STM32F4xx_HAL_Driver/Src/stm32f4xx_hal_tim_ex.o
 .debug_info    0x0000000000014de0     0x124c Drivers/STM32F4xx_HAL_Driver/Src/stm32f4xx_hal_uart.o

.debug_abbrev   0x0000000000000000     0x36d9
 .debug_abbrev  0x0000000000000000      0x1bf Core/Display/Src/display.o
 .debug_abbrev  0x00000000000001bf      0x20b Core/Display/Src/homescreen.o
 .debug_abbrev  0x00000000000003ca      0x119 Core/Display/Src/keys.o
 .debug_abbrev  0x00000000000004e3      0x2a0 Core/Display/Src/settings_screen.o
 .debug_abbrev  0x0000000000000783      0x115 Core/Platform/Src/platform.o
 .debug_abbrev  0x0000000000000898      0x19e Core/Platform/Src/platform_adc.o
 .debug_abbrev  0x0000000000000a36       0xf0 Core/Platform/Src/platform_display.o
 .debug_abbrev  0x0000000000000b26      0x144 Core/Platform/Src/platform_flashstorage.o
 .debug_abbrev  0x0000000000000c6a      0x172 Core/Platform/Src/platform_gpio.o
 .debug_abbrev  0x0000000000000ddc      0x172 Core/Platform/Src/platform_rcc.o
 .debug_abbrev  0x0000000000000f4e      0x178 Core/Platform/Src/platform_rtc.o
 .debug_abbrev  0x00000000000010c6      0x1bc Core/Platform/Src/platform_timer.o
 .debug_abbrev  0x0000000000001282      0x18d Core/Platform/Src/platform_uart.o
 .debug_abbrev  0x000000000000140f       0xf2 Core/Src/main.o
 .debug_abbrev  0x0000000000001501      0x215 Core/Src/stm32f4xx_hal_msp.o
 .debug_abbrev  0x0000000000001716      0x18f Core/Src/stm32f4xx_it.o
 .debug_abbrev  0x00000000000018a5      0x19b Core/Src/sysmem.o
 .debug_abbrev  0x0000000000001a40      0x12b Core/Src/system_stm32f4xx.o
 .debug_abbrev  0x0000000000001b6b       0x12 Core/Startup/startup_stm32f429vgtx.o
 .debug_abbrev  0x0000000000001b7d      0x1c7 Drivers/STM32F4xx_HAL_Driver/Src/stm32f4xx_hal.o
 .debug_abbrev  0x0000000000001d44      0x205 Drivers/STM32F4xx_HAL_Driver/Src/stm32f4xx_hal_adc.o
 .debug_abbrev  0x0000000000001f49      0x2fa Drivers/STM32F4xx_HAL_Driver/Src/stm32f4xx_hal_cortex.o
 .debug_abbrev  0x0000000000002243      0x229 Drivers/STM32F4xx_HAL_Driver/Src/stm32f4xx_hal_dma.o
 .debug_abbrev  0x000000000000246c      0x248 Drivers/STM32F4xx_HAL_Driver/Src/stm32f4xx_hal_flash.o
 .debug_abbrev  0x00000000000026b4      0x256 Drivers/STM32F4xx_HAL_Driver/Src/stm32f4xx_hal_flash_ex.o
 .debug_abbrev  0x000000000000290a      0x1c9 Drivers/STM32F4xx_HAL_Driver/Src/stm32f4xx_hal_gpio.o
 .debug_abbrev  0x0000000000002ad3      0x245 Drivers/STM32F4xx_HAL_Driver/Src/stm32f4xx_hal_rcc.o
 .debug_abbrev  0x0000000000002d18      0x173 Drivers/STM32F4xx_HAL_Driver/Src/stm32f4xx_hal_rcc_ex.o
 .debug_abbrev  0x0000000000002e8b      0x1be Drivers/STM32F4xx_HAL_Driver/Src/stm32f4xx_hal_rtc.o
 .debug_abbrev  0x0000000000003049      0x230 Drivers/STM32F4xx_HAL_Driver/Src/stm32f4xx_hal_tim.o
 .debug_abbrev  0x0000000000003279      0x21e Drivers/STM32F4xx_HAL_Driver/Src/stm32f4xx_hal_tim_ex.o
 .debug_abbrev  0x0000000000003497      0x242 Drivers/STM32F4xx_HAL_Driver/Src/stm32f4xx_hal_uart.o

.debug_aranges  0x0000000000000000     0x12e0
 .debug_aranges
                0x0000000000000000       0x20 Core/Display/Src/display.o
 .debug_aranges
                0x0000000000000020       0x70 Core/Display/Src/homescreen.o
 .debug_aranges
                0x0000000000000090       0x20 Core/Display/Src/keys.o
 .debug_aranges
                0x00000000000000b0       0xe8 Core/Display/Src/settings_screen.o
 .debug_aranges
                0x0000000000000198       0x28 Core/Platform/Src/platform.o
 .debug_aranges
                0x00000000000001c0       0x38 Core/Platform/Src/platform_adc.o
 .debug_aranges
                0x00000000000001f8       0x20 Core/Platform/Src/platform_display.o
 .debug_aranges
                0x0000000000000218       0x50 Core/Platform/Src/platform_flashstorage.o
 .debug_aranges
                0x0000000000000268       0x28 Core/Platform/Src/platform_gpio.o
 .debug_aranges
                0x0000000000000290       0x28 Core/Platform/Src/platform_rcc.o
 .debug_aranges
                0x00000000000002b8       0x30 Core/Platform/Src/platform_rtc.o
 .debug_aranges
                0x00000000000002e8       0x60 Core/Platform/Src/platform_timer.o
 .debug_aranges
                0x0000000000000348       0x58 Core/Platform/Src/platform_uart.o
 .debug_aranges
                0x00000000000003a0       0x20 Core/Src/main.o
 .debug_aranges
                0x00000000000003c0       0x60 Core/Src/stm32f4xx_hal_msp.o
 .debug_aranges
                0x0000000000000420       0x90 Core/Src/stm32f4xx_it.o
 .debug_aranges
                0x00000000000004b0       0x20 Core/Src/sysmem.o
 .debug_aranges
                0x00000000000004d0       0x28 Core/Src/system_stm32f4xx.o
 .debug_aranges
                0x00000000000004f8       0x28 Core/Startup/startup_stm32f429vgtx.o
 .debug_aranges
                0x0000000000000520      0x100 Drivers/STM32F4xx_HAL_Driver/Src/stm32f4xx_hal.o
 .debug_aranges
                0x0000000000000620       0xe8 Drivers/STM32F4xx_HAL_Driver/Src/stm32f4xx_hal_adc.o
 .debug_aranges
                0x0000000000000708      0x118 Drivers/STM32F4xx_HAL_Driver/Src/stm32f4xx_hal_cortex.o
 .debug_aranges
                0x0000000000000820       0x90 Drivers/STM32F4xx_HAL_Driver/Src/stm32f4xx_hal_dma.o
 .debug_aranges
                0x00000000000008b0       0xa0 Drivers/STM32F4xx_HAL_Driver/Src/stm32f4xx_hal_flash.o
 .debug_aranges
                0x0000000000000950       0xd8 Drivers/STM32F4xx_HAL_Driver/Src/stm32f4xx_hal_flash_ex.o
 .debug_aranges
                0x0000000000000a28       0x58 Drivers/STM32F4xx_HAL_Driver/Src/stm32f4xx_hal_gpio.o
 .debug_aranges
                0x0000000000000a80       0x88 Drivers/STM32F4xx_HAL_Driver/Src/stm32f4xx_hal_rcc.o
 .debug_aranges
                0x0000000000000b08       0x58 Drivers/STM32F4xx_HAL_Driver/Src/stm32f4xx_hal_rcc_ex.o
 .debug_aranges
                0x0000000000000b60       0xb8 Drivers/STM32F4xx_HAL_Driver/Src/stm32f4xx_hal_rtc.o
 .debug_aranges
                0x0000000000000c18      0x3a8 Drivers/STM32F4xx_HAL_Driver/Src/stm32f4xx_hal_tim.o
 .debug_aranges
                0x0000000000000fc0      0x150 Drivers/STM32F4xx_HAL_Driver/Src/stm32f4xx_hal_tim_ex.o
 .debug_aranges
                0x0000000000001110      0x1d0 Drivers/STM32F4xx_HAL_Driver/Src/stm32f4xx_hal_uart.o

.debug_ranges   0x0000000000000000     0x10e8
 .debug_ranges  0x0000000000000000       0x10 Core/Display/Src/display.o
 .debug_ranges  0x0000000000000010       0x60 Core/Display/Src/homescreen.o
 .debug_ranges  0x0000000000000070       0x10 Core/Display/Src/keys.o
 .debug_ranges  0x0000000000000080       0xd8 Core/Display/Src/settings_screen.o
 .debug_ranges  0x0000000000000158       0x18 Core/Platform/Src/platform.o
 .debug_ranges  0x0000000000000170       0x28 Core/Platform/Src/platform_adc.o
 .debug_ranges  0x0000000000000198       0x10 Core/Platform/Src/platform_display.o
 .debug_ranges  0x00000000000001a8       0x40 Core/Platform/Src/platform_flashstorage.o
 .debug_ranges  0x00000000000001e8       0x18 Core/Platform/Src/platform_gpio.o
 .debug_ranges  0x0000000000000200       0x18 Core/Platform/Src/platform_rcc.o
 .debug_ranges  0x0000000000000218       0x20 Core/Platform/Src/platform_rtc.o
 .debug_ranges  0x0000000000000238       0x50 Core/Platform/Src/platform_timer.o
 .debug_ranges  0x0000000000000288       0x48 Core/Platform/Src/platform_uart.o
 .debug_ranges  0x00000000000002d0       0x10 Core/Src/main.o
 .debug_ranges  0x00000000000002e0       0x50 Core/Src/stm32f4xx_hal_msp.o
 .debug_ranges  0x0000000000000330       0x80 Core/Src/stm32f4xx_it.o
 .debug_ranges  0x00000000000003b0       0x10 Core/Src/sysmem.o
 .debug_ranges  0x00000000000003c0       0x18 Core/Src/system_stm32f4xx.o
 .debug_ranges  0x00000000000003d8       0x20 Core/Startup/startup_stm32f429vgtx.o
 .debug_ranges  0x00000000000003f8       0xf0 Drivers/STM32F4xx_HAL_Driver/Src/stm32f4xx_hal.o
 .debug_ranges  0x00000000000004e8       0xd8 Drivers/STM32F4xx_HAL_Driver/Src/stm32f4xx_hal_adc.o
 .debug_ranges  0x00000000000005c0      0x108 Drivers/STM32F4xx_HAL_Driver/Src/stm32f4xx_hal_cortex.o
 .debug_ranges  0x00000000000006c8       0x80 Drivers/STM32F4xx_HAL_Driver/Src/stm32f4xx_hal_dma.o
 .debug_ranges  0x0000000000000748       0x90 Drivers/STM32F4xx_HAL_Driver/Src/stm32f4xx_hal_flash.o
 .debug_ranges  0x00000000000007d8       0xc8 Drivers/STM32F4xx_HAL_Driver/Src/stm32f4xx_hal_flash_ex.o
 .debug_ranges  0x00000000000008a0       0x48 Drivers/STM32F4xx_HAL_Driver/Src/stm32f4xx_hal_gpio.o
 .debug_ranges  0x00000000000008e8       0x78 Drivers/STM32F4xx_HAL_Driver/Src/stm32f4xx_hal_rcc.o
 .debug_ranges  0x0000000000000960       0x48 Drivers/STM32F4xx_HAL_Driver/Src/stm32f4xx_hal_rcc_ex.o
 .debug_ranges  0x00000000000009a8       0xa8 Drivers/STM32F4xx_HAL_Driver/Src/stm32f4xx_hal_rtc.o
 .debug_ranges  0x0000000000000a50      0x398 Drivers/STM32F4xx_HAL_Driver/Src/stm32f4xx_hal_tim.o
 .debug_ranges  0x0000000000000de8      0x140 Drivers/STM32F4xx_HAL_Driver/Src/stm32f4xx_hal_tim_ex.o
 .debug_ranges  0x0000000000000f28      0x1c0 Drivers/STM32F4xx_HAL_Driver/Src/stm32f4xx_hal_uart.o

.debug_macro    0x0000000000000000    0x27197
 .debug_macro   0x0000000000000000      0x37c Core/Display/Src/display.o
 .debug_macro   0x000000000000037c      0xa5a Core/Display/Src/display.o
 .debug_macro   0x0000000000000dd6      0x17e Core/Display/Src/display.o
 .debug_macro   0x0000000000000f54      0x2a0 Core/Display/Src/display.o
 .debug_macro   0x00000000000011f4       0x2e Core/Display/Src/display.o
 .debug_macro   0x0000000000001222       0x28 Core/Display/Src/display.o
 .debug_macro   0x000000000000124a       0x22 Core/Display/Src/display.o
 .debug_macro   0x000000000000126c       0x8e Core/Display/Src/display.o
 .debug_macro   0x00000000000012fa       0x51 Core/Display/Src/display.o
 .debug_macro   0x000000000000134b       0xef Core/Display/Src/display.o
 .debug_macro   0x000000000000143a       0x6a Core/Display/Src/display.o
 .debug_macro   0x00000000000014a4      0x1df Core/Display/Src/display.o
 .debug_macro   0x0000000000001683       0x1c Core/Display/Src/display.o
 .debug_macro   0x000000000000169f       0x22 Core/Display/Src/display.o
 .debug_macro   0x00000000000016c1       0xdf Core/Display/Src/display.o
 .debug_macro   0x00000000000017a0     0x102d Core/Display/Src/display.o
 .debug_macro   0x00000000000027cd      0x11f Core/Display/Src/display.o
 .debug_macro   0x00000000000028ec    0x17f69 Core/Display/Src/display.o