settings_screen.c:32:1:__settings_selection	24	static
settings_screen.c:40:1:__esc_settings_selection	16	static
settings_screen.c:50:1:__select_six_digits	136	static
settings_screen.c:65:1:__select_four_digits	16	static
settings_screen.c:74:1:__store_six_digits	248	static
settings_screen.c:143:1:__check_and_print_four_digits_limit	24	static
settings_screen.c:159:1:__edit_six_digits	32	static
settings_screen.c:210:1:__edit_four_digits	32	static
settings_screen.c:277:6:display_edit_settings	8	static
settings_screen.c:466:6:display_edit_digits	8	static
