settings_screen.c:33:1:__settings_selection	24	static
settings_screen.c:41:1:__esc_settings_selection	16	static
settings_screen.c:51:1:__select_six_digits	136	static
settings_screen.c:66:1:__select_four_digits	16	static
settings_screen.c:75:1:__select_button	24	static
settings_screen.c:84:1:__store_six_digits	248	static
settings_screen.c:153:1:__check_and_print_four_digits_limit	24	static
settings_screen.c:169:1:__edit_six_digits	32	static
settings_screen.c:220:1:__edit_four_digits	32	static
settings_screen.c:286:1:__edit_button_selection	32	static
settings_screen.c:329:6:display_edit_settings	8	static
settings_screen.c:522:6:display_edit_digits	8	static
