settings_screen.c:33:1:__settings_selection	24	static
settings_screen.c:41:1:__esc_settings_selection	16	static
settings_screen.c:55:1:__select_six_digits	136	static
settings_screen.c:70:1:__select_four_digits	16	static
settings_screen.c:79:1:__select_button	24	static
settings_screen.c:88:1:__store_six_digits	248	static
settings_screen.c:157:1:__check_and_print_four_digits_limit	24	static
settings_screen.c:173:1:__edit_six_digits	32	static
settings_screen.c:225:1:__edit_four_digits	32	static
settings_screen.c:292:1:__edit_button_selection	32	static
settings_screen.c:334:6:__update_offset_makeup_water_added	40	static
settings_screen.c:346:6:__update_offset_blowdown_water	48	static
settings_screen.c:358:6:__update_pump1_lts_per_pulse	48	static
settings_screen.c:370:6:__update_pump2_lts_per_pulse	48	static
settings_screen.c:382:6:__update_ratio_1	24	static
settings_screen.c:387:6:__update_ratio_2	24	static
settings_screen.c:392:6:__update_auto_blowdown	40	static
settings_screen.c:404:6:__update_set_blowdown_tds	24	static
settings_screen.c:409:6:__update_set_blowdown_in_m3	48	static
settings_screen.c:423:6:display_edit_settings	8	static
settings_screen.c:616:6:display_edit_digits	8	static
settings_screen.c:650:6:settings_update	1040	static
