settings_screen.c:33:1:__settings_selection	24	static
settings_screen.c:41:1:__esc_settings_selection	16	static
settings_screen.c:55:1:__select_six_digits	136	static
settings_screen.c:70:1:__select_four_digits	16	static
settings_screen.c:79:1:__select_time	16	static
settings_screen.c:88:1:__select_button	24	static
settings_screen.c:97:1:__store_six_digits	248	static
settings_screen.c:166:1:__check_and_print_four_digits_limit	24	static
settings_screen.c:182:1:__check_and_print_time_limit	24	static
settings_screen.c:198:1:__edit_six_digits	32	static
settings_screen.c:250:1:__edit_four_digits	32	static
settings_screen.c:317:1:__edit_button_selection	32	static
settings_screen.c:360:1:__edit_cool_down_time	32	static
settings_screen.c:405:6:__update_offset_makeup_water_added	40	static
settings_screen.c:417:6:__update_offset_blowdown_water	48	static
settings_screen.c:429:6:__update_pump1_lts_per_pulse	48	static
settings_screen.c:441:6:__update_pump2_lts_per_pulse	48	static
settings_screen.c:453:6:__update_ratio_1	24	static
settings_screen.c:458:6:__update_ratio_2	24	static
settings_screen.c:463:6:__update_auto_blowdown	40	static
settings_screen.c:475:6:__update_set_blowdown_tds	24	static
settings_screen.c:480:6:__update_set_cool_off_time	24	static
settings_screen.c:485:6:__update_set_blowdown_in_m3	48	static
settings_screen.c:499:6:display_edit_settings	8	static
settings_screen.c:712:6:display_edit_digits	8	static
settings_screen.c:749:6:settings_update	1040	static
