settings_screen.c:33:1:__settings_selection	24	static
settings_screen.c:41:1:__esc_settings_selection	24	static
settings_screen.c:68:1:__select_six_digits	136	static
settings_screen.c:83:1:__select_digits	16	static
settings_screen.c:99:1:__select_button	24	static
settings_screen.c:108:1:__store_six_digits	248	static
settings_screen.c:177:1:__check_and_print_four_digits_limit	24	static
settings_screen.c:193:1:__check_and_print_two_digits_limit	32	static
settings_screen.c:221:1:__check_and_print_time_limit	24	static
settings_screen.c:237:1:__edit_six_digits	32	static
settings_screen.c:289:1:__edit_digits	32	static
settings_screen.c:405:1:__edit_button_selection	32	static
settings_screen.c:448:1:__edit_cool_down_time	32	static
settings_screen.c:493:6:__update_offset_makeup_water_added	40	static
settings_screen.c:505:6:__update_offset_blowdown_water	48	static
settings_screen.c:517:6:__update_pump1_lts_per_pulse	48	static
settings_screen.c:529:6:__update_pump2_lts_per_pulse	48	static
settings_screen.c:541:6:__update_ratio_1	24	static
settings_screen.c:546:6:__update_ratio_2	24	static
settings_screen.c:551:6:__update_auto_blowdown	40	static
settings_screen.c:563:6:__update_set_blowdown_tds	24	static
settings_screen.c:568:6:__update_set_cool_off_time	24	static
settings_screen.c:573:6:__update_set_blowdown_in_m3	48	static
settings_screen.c:585:6:__update_inlet_water_ph	48	static
settings_screen.c:590:6:__update_inlet_water_tds	48	static
settings_screen.c:595:6:__update_outlet_water_ph	48	static
settings_screen.c:600:6:__update_outlet_water_tds	48	static
settings_screen.c:605:6:__update_pump_capacity	48	static
settings_screen.c:610:6:__update_processing_rate	24	static
settings_screen.c:617:6:display_edit_settings	16	static
settings_screen.c:1101:6:display_edit_digits	16	static
settings_screen.c:1171:6:settings_update	1040	static
settings_screen.c:1191:6:settings2_update	1040	static
