platform_alarms.c:46:1:__trigger_time_elapsed	16	static
platform_alarms.c:63:1:__add_to_active_alerts	24	static
platform_alarms.c:86:1:__remove_from_active_alerts	24	static
platform_alarms.c:101:1:__shift_active_alerts_to_history	32	static
platform_alarms.c:144:1:__check_chemical1_low_alert	4	static
platform_alarms.c:165:1:__check_chemical2_low_alert	4	static
platform_alarms.c:186:1:__check_inlet_water_ph_high_alert	40	static
platform_alarms.c:225:1:__check_plant_water_ph_high_alert	40	static
platform_alarms.c:264:1:__check_inlet_water_ph_low_alert	40	static
platform_alarms.c:304:1:__check_plant_water_ph_low_alert	40	static
platform_alarms.c:343:1:__check_inlet_water_tds_high_alert	40	static
platform_alarms.c:382:1:__check_plant_water_tds_high_alert	40	static
platform_alarms.c:420:1:__check_plat_water_ab_complete_alert	4	static
platform_alarms.c:442:6:platform_check_alarms	8	static
